 PhysX3CommonCHECKED_x64

 Timestamp is 5a16061f (Wed Nov 22 15:19:59 2017)

 Preferred load address is 0000000180000000

 Start         Length     Name                   Class
 0001:00000000 0000fa50H .text$di                CODE
 0001:0000fa50 002070f0H .text$mn                CODE
 0001:00216b40 00001020H .text$mn$00             CODE
 0001:00217b60 000017ceH .text$x                 CODE
 0002:00000000 00000110H .CRT$XCA                DATA
 0002:00000110 00001cc8H .CRT$XCU                DATA
 0002:00001dd8 00000110H .CRT$XCZ                DATA
 0002:00001ee8 00000110H .CRT$XIA                DATA
 0002:00001ff8 00000130H .CRT$XIC                DATA
 0002:00002128 00000110H .CRT$XIZ                DATA
 0002:00002238 00000110H .CRT$XPA                DATA
 0002:00002348 00000120H .CRT$XPX                DATA
 0002:00002468 00000110H .CRT$XPXA               DATA
 0002:00002578 00000110H .CRT$XPZ                DATA
 0002:00002688 00000110H .CRT$XTA                DATA
 0002:00002798 00000118H .CRT$XTZ                DATA
 0002:000028b0 00012620H .rdata                  DATA
 0002:00014ed0 000004ecH .rdata$r                DATA
 0002:000153bc 000001b4H .rdata$zzzdbg           DATA
 0002:00015570 00000110H .rtc$IAA                DATA
 0002:00015680 00000110H .rtc$IZZ                DATA
 0002:00015790 00000110H .rtc$TAA                DATA
 0002:000158a0 00000110H .rtc$TZZ                DATA
 0002:000159b0 000166e0H .xdata                  DATA
 0002:0002c090 0000c6efH .edata                  DATA
 0003:00000000 00001918H .data                   DATA
 0003:00001918 00000618H .data$r                 DATA
 0003:00001f30 000056e1H .bss                    DATA
 0004:00000000 0000beecH .pdata                  DATA
 0005:00000000 000003b8H .idata$5                DATA
 0005:000003b8 00000014H .idata$2                DATA
 0005:000003cc 00000014H .idata$3                DATA
 0005:000003e0 000003b8H .idata$4                DATA
 0005:00000798 00000871H .idata$6                DATA
 0006:00000000 00000020H .didat$2                DATA
 0006:00000020 00000020H .didat$3                DATA
 0006:00000040 00000128H .didat$4                DATA
 0006:00000168 00000128H .didat$5                DATA
 0006:00000290 00000588H .didat$6                DATA
 0006:00000818 000001caH .didat$7                DATA
 0007:00000000 00000220H .gfids$x                DATA
 0007:00000220 000001a5H .gfids$y                DATA
 0008:00000000 0000011bH .00cfg                  DATA
 0009:00000000 000001c0H .rsrc$01                DATA
 0009:000001c0 000006a9H .rsrc$02                DATA

  Address         Publics by Value              Rva+Base               Lib:Object

 0000:00000000       __guard_fids_table         0000000000000000     <absolute>
 0000:00000000       ___safe_se_handler_table   0000000000000000     <absolute>
 0000:00000000       __guard_longjmp_table      0000000000000000     <absolute>
 0000:00000000       ___safe_se_handler_count   0000000000000000     <absolute>
 0000:00000000       __dynamic_value_reloc_table 0000000000000000     <absolute>
 0000:00000000       __guard_longjmp_count      0000000000000000     <absolute>
 0000:00000000       __guard_fids_count         0000000000000000     <absolute>
 0000:00000000       __guard_iat_count          0000000000000000     <absolute>
 0000:00000000       __guard_iat_table          0000000000000000     <absolute>
 0000:00000100       __guard_flags              0000000000000100     <absolute>
 0000:00000000       __ImageBase                0000000180000000     <linker-defined>
 0001:0000fa50       PxSetPhysXCommonDelayLoadHook 0000000180010a50 f   CmWindowsDelayLoadHook.obj
 0001:0000fa60       ?delayHook@@YAP6A_JXZIPEAUDelayLoadInfo@@@Z 0000000180010a60 f   CmWindowsDelayLoadHook.obj
 0001:0000fac0       ?foundationDliNotePreLoadLibrary@shdfnd@physx@@YAP6A_JXZPEBDPEBVPxFoundationDelayLoadHook@2@@Z 0000000180010ac0 f i CmWindowsDelayLoadHook.obj
 0001:0000fbe0       ?physXCommonDliNotePreLoadLibrary@Cm@physx@@YAP6A_JXZPEBDPEBVPxDelayLoadHook@2@@Z 0000000180010be0 f i CmWindowsDelayLoadHook.obj
 0001:0000fe20       ??0CmModuleUpdateLoader@Cm@physx@@QEAA@PEBD@Z 0000000180010e20 f   CmWindowsModuleUpdateLoader.obj
 0001:0000fe70       ??1CmModuleUpdateLoader@Cm@physx@@QEAA@XZ 0000000180010e70 f   CmWindowsModuleUpdateLoader.obj
 0001:0000fea0       ?LoadModule@CmModuleUpdateLoader@Cm@physx@@QEAAPEAUHINSTANCE__@@PEBD0@Z 0000000180010ea0 f   CmWindowsModuleUpdateLoader.obj
 0001:0000fef0       ??0Allocator@shdfnd@physx@@QEAA@PEBD@Z 0000000180010ef0 f i CmWindowsModuleUpdateLoader.obj
 0001:0000ff00       ??0PxFoundation@physx@@QEAA@AEBV01@@Z 0000000180010f00 f i CmWindowsModuleUpdateLoader.obj
 0001:0000ff20       ??0PxFoundation@physx@@QEAA@XZ 0000000180010f20 f i CmWindowsModuleUpdateLoader.obj
 0001:0000ff40       ??1PxFoundation@physx@@MEAA@XZ 0000000180010f40 f i CmWindowsModuleUpdateLoader.obj
 0001:0000ff50       ??4Allocator@shdfnd@physx@@QEAAAEAV012@$$QEAV012@@Z 0000000180010f50 f i CmWindowsModuleUpdateLoader.obj
 0001:0000ff60       ??4Allocator@shdfnd@physx@@QEAAAEAV012@AEBV012@@Z 0000000180010f60 f i CmWindowsModuleUpdateLoader.obj
 0001:0000ff70       ??4CmModuleUpdateLoader@Cm@physx@@QEAAAEAV012@AEBV012@@Z 0000000180010f70 f i CmWindowsModuleUpdateLoader.obj
 0001:0000ff80       ??4MutexImpl@shdfnd@physx@@QEAAAEAV012@AEBV012@@Z 0000000180010f80 f i CmWindowsModuleUpdateLoader.obj
 0001:0000ff90       ??4PxFoundation@physx@@QEAAAEAV01@AEBV01@@Z 0000000180010f90 f i CmWindowsModuleUpdateLoader.obj
 0001:0000ffa0       ??_EPxFoundation@physx@@MEAAPEAXI@Z 0000000180010fa0 f i CmWindowsModuleUpdateLoader.obj
 0001:00010050       ??_FAllocator@shdfnd@physx@@QEAAXXZ 0000000180011050 f i CmWindowsModuleUpdateLoader.obj
 0001:00010060       ??_FNamedAllocator@shdfnd@physx@@QEAAXXZ 0000000180011060 f i CmWindowsModuleUpdateLoader.obj
 0001:00010070       ??_GPxFoundation@physx@@MEAAPEAXI@Z 0000000180011070 f i CmWindowsModuleUpdateLoader.obj
 0001:000100b0       ??_I@YAXPEAX_K1P6AX0@Z@Z   00000001800110b0 f i CmWindowsModuleUpdateLoader.obj
 0001:00010120       ?__empty_global_delete@@YAXPEAX@Z 0000000180011120 f i CmWindowsModuleUpdateLoader.obj
 0001:00010130       ?__empty_global_delete@@YAXPEAX_K@Z 0000000180011130 f i CmWindowsModuleUpdateLoader.obj
 0001:00010140       ?getAllocator@Foundation@shdfnd@physx@@QEAAAEAVPxAllocatorCallback@3@XZ 0000000180011140 f i CmWindowsModuleUpdateLoader.obj
 0001:00010150       ?getAllocatorCallback@Foundation@shdfnd@physx@@UEAAAEAVPxAllocatorCallback@3@XZ 0000000180011150 f i CmWindowsModuleUpdateLoader.obj
 0001:00010160       ?getErrorCallback@Foundation@shdfnd@physx@@UEAAAEAVPxErrorCallback@3@XZ 0000000180011160 f i CmWindowsModuleUpdateLoader.obj
 0001:00010170       ?getErrorLevel@Foundation@shdfnd@physx@@UEBA?AW4Enum@PxErrorCode@3@XZ 0000000180011170 f i CmWindowsModuleUpdateLoader.obj
 0001:00010180       ?getInternalErrorCallback@Foundation@shdfnd@physx@@QEAAAEAVPxErrorCallback@3@XZ 0000000180011180 f i CmWindowsModuleUpdateLoader.obj
 0001:00010190       ?getNamedAllocMap@Foundation@shdfnd@physx@@QEAAAEAV?$HashMap@PEBVNamedAllocator@shdfnd@physx@@PEBDU?$Hash@PEBVNamedAllocator@shdfnd@physx@@@23@VNonTrackingAllocator@23@@23@XZ 0000000180011190 f i CmWindowsModuleUpdateLoader.obj
 0001:000101a0       ?getNamedAllocMutex@Foundation@shdfnd@physx@@QEAAAEAV?$MutexT@VAllocator@shdfnd@physx@@@23@XZ 00000001800111a0 f i CmWindowsModuleUpdateLoader.obj
 0001:000101b0       ?getReportAllocationNames@Foundation@shdfnd@physx@@UEBA_NXZ 00000001800111b0 f i CmWindowsModuleUpdateLoader.obj
 0001:000101c0       ?getTempAllocFreeTable@Foundation@shdfnd@physx@@QEAAAEAV?$Array@PEATTempAllocatorChunk@shdfnd@physx@@VAllocator@23@@23@XZ 00000001800111c0 f i CmWindowsModuleUpdateLoader.obj
 0001:000101d0       ?getTempAllocMutex@Foundation@shdfnd@physx@@QEAAAEAV?$MutexT@VAllocator@shdfnd@physx@@@23@XZ 00000001800111d0 f i CmWindowsModuleUpdateLoader.obj
 0001:000101e0       ?setErrorLevel@Foundation@shdfnd@physx@@UEAAXW4Enum@PxErrorCode@3@@Z 00000001800111e0 f i CmWindowsModuleUpdateLoader.obj
 0001:000101f0       ?setReportAllocationNames@Foundation@shdfnd@physx@@UEAAX_N@Z 00000001800111f0 f i CmWindowsModuleUpdateLoader.obj
 0001:00010200       ?CompleteBoxPruning@Cm@physx@@YA_NPEBVPxBounds3@2@IAEAV?$Array@IVNamedAllocator@shdfnd@physx@@@shdfnd@2@AEBVAxes@Gu@2@@Z 0000000180011200 f   CmBoxPruning.obj
 0001:00010510       ?BipartiteBoxPruning@Cm@physx@@YA_NPEBVPxBounds3@2@I0IAEAV?$Array@IVNamedAllocator@shdfnd@physx@@@shdfnd@2@AEBVAxes@Gu@2@@Z 0000000180011510 f   CmBoxPruning.obj
 0001:00010d70       ?GetNbHits@RadixSort@Cm@physx@@QEBAIXZ 0000000180011d70 f i CmBoxPruning.obj
 0001:00010d80       ?GetNbTotalCalls@RadixSort@Cm@physx@@QEBAIXZ 0000000180011d80 f i CmBoxPruning.obj
 0001:00010d90       ?GetRanks@RadixSort@Cm@physx@@QEBAPEBIXZ 0000000180011d90 f i CmBoxPruning.obj
 0001:00010da0       ?GetRecyclable@RadixSort@Cm@physx@@QEBAPEAIXZ 0000000180011da0 f i CmBoxPruning.obj
 0001:00010db0       ?growAndPushBack@?$Array@IVNamedAllocator@shdfnd@physx@@@shdfnd@physx@@IEAAAEAIAEBI@Z 0000000180011db0 f i CmBoxPruning.obj
 0001:00010ec0       ?PxCreateCollection@@YAPEAVPxCollection@physx@@XZ 0000000180011ec0 f   CmCollection.obj
 0001:00010f40       ?add@Collection@Cm@physx@@UEAAXAEAVPxBase@3@_K@Z 0000000180011f40 f   CmCollection.obj
 0001:00011040       ?remove@Collection@Cm@physx@@UEAAXAEAVPxBase@3@@Z 0000000180012040 f   CmCollection.obj
 0001:00011190       ?contains@Collection@Cm@physx@@UEBA_NAEAVPxBase@3@@Z 0000000180012190 f   CmCollection.obj
 0001:00011250       ?addId@Collection@Cm@physx@@UEAAXAEAVPxBase@3@_K@Z 0000000180012250 f   CmCollection.obj
 0001:00011440       ?removeId@Collection@Cm@physx@@UEAAX_K@Z 0000000180012440 f   CmCollection.obj
 0001:00011530       ?find@Collection@Cm@physx@@UEBAPEAVPxBase@3@_K@Z 0000000180012530 f   CmCollection.obj
 0001:000115a0       ?add@Collection@Cm@physx@@UEAAXAEAVPxCollection@3@@Z 00000001800125a0 f   CmCollection.obj
 0001:000117e0       ?remove@Collection@Cm@physx@@UEAAXAEAVPxCollection@3@@Z 00000001800127e0 f   CmCollection.obj
 0001:000118b0       ?getNbObjects@Collection@Cm@physx@@UEBAIXZ 00000001800128b0 f   CmCollection.obj
 0001:000118c0       ?getObject@Collection@Cm@physx@@UEBAAEAVPxBase@3@I@Z 00000001800128c0 f   CmCollection.obj
 0001:000118e0       ?getObjects@Collection@Cm@physx@@UEBAIPEAPEAVPxBase@3@II@Z 00000001800128e0 f   CmCollection.obj
 0001:00011980       ?getNbIds@Collection@Cm@physx@@UEBAIXZ 0000000180012980 f   CmCollection.obj
 0001:00011990       ?getId@Collection@Cm@physx@@UEBA_KAEBVPxBase@3@@Z 0000000180012990 f   CmCollection.obj
 0001:00011a50       ?getIds@Collection@Cm@physx@@UEBAIPEA_KII@Z 0000000180012a50 f   CmCollection.obj
 0001:00011e90       ??0Collection@Cm@physx@@QEAA@XZ 0000000180012e90 f i CmCollection.obj
 0001:00011f40       ??1PxCollection@physx@@MEAA@XZ 0000000180012f40 f i CmCollection.obj
 0001:00011f50       ??_ECollection@Cm@physx@@UEAAPEAXI@Z 0000000180012f50 f i CmCollection.obj
 0001:00011f50       ??_GCollection@Cm@physx@@UEAAPEAXI@Z 0000000180012f50 f i CmCollection.obj
 0001:00012020       ??_EPxCollection@physx@@MEAAPEAXI@Z 0000000180013020 f i CmCollection.obj
 0001:00012020       ??_GPxCollection@physx@@MEAAPEAXI@Z 0000000180013020 f i CmCollection.obj
 0001:00012060       ?create@?$HashBase@V?$Pair@$$CB_KPEAVPxBase@physx@@@shdfnd@physx@@_KU?$Hash@_K@23@UGetKey@?$HashMapBase@_KPEAVPxBase@physx@@U?$Hash@_K@shdfnd@2@VNonTrackingAllocator@42@@internal@23@VNonTrackingAllocator@23@$00@internal@shdfnd@physx@@QEAAPEAV?$Pair@$$CB_KPEAVPxBase@physx@@@34@AEB_KAEA_N@Z 0000000180013060 f i CmCollection.obj
 0001:00012260       ?create@?$HashBase@V?$Pair@QEAVPxBase@physx@@_K@shdfnd@physx@@PEAVPxBase@3@U?$Hash@PEAVPxBase@physx@@@23@UGetKey@?$HashMapBase@PEAVPxBase@physx@@_KU?$Hash@PEAVPxBase@physx@@@shdfnd@2@VNonTrackingAllocator@42@@internal@23@VNonTrackingAllocator@23@$00@internal@shdfnd@physx@@QEAAPEAV?$Pair@QEAVPxBase@physx@@_K@34@AEBQEAVPxBase@4@AEA_N@Z 0000000180013260 f i CmCollection.obj
 0001:00012460       ?erase@?$HashBase@V?$Pair@$$CB_KPEAVPxBase@physx@@@shdfnd@physx@@_KU?$Hash@_K@23@UGetKey@?$HashMapBase@_KPEAVPxBase@physx@@U?$Hash@_K@shdfnd@2@VNonTrackingAllocator@42@@internal@23@VNonTrackingAllocator@23@$00@internal@shdfnd@physx@@QEAA_NAEB_K@Z 0000000180013460 f i CmCollection.obj
 0001:00012580       ?erase@?$HashBase@V?$Pair@QEAVPxBase@physx@@_K@shdfnd@physx@@PEAVPxBase@3@U?$Hash@PEAVPxBase@physx@@@23@UGetKey@?$HashMapBase@PEAVPxBase@physx@@_KU?$Hash@PEAVPxBase@physx@@@shdfnd@2@VNonTrackingAllocator@42@@internal@23@VNonTrackingAllocator@23@$00@internal@shdfnd@physx@@QEAA_NAEBQEAVPxBase@4@@Z 0000000180013580 f i CmCollection.obj
 0001:000126a0       ?find@?$HashBase@V?$Pair@$$CB_KPEAVPxBase@physx@@@shdfnd@physx@@_KU?$Hash@_K@23@UGetKey@?$HashMapBase@_KPEAVPxBase@physx@@U?$Hash@_K@shdfnd@2@VNonTrackingAllocator@42@@internal@23@VNonTrackingAllocator@23@$00@internal@shdfnd@physx@@QEBAPEBV?$Pair@$$CB_KPEAVPxBase@physx@@@34@AEB_K@Z 00000001800136a0 f i CmCollection.obj
 0001:00012780       ?find@?$HashBase@V?$Pair@QEAVPxBase@physx@@_K@shdfnd@physx@@PEAVPxBase@3@U?$Hash@PEAVPxBase@physx@@@23@UGetKey@?$HashMapBase@PEAVPxBase@physx@@_KU?$Hash@PEAVPxBase@physx@@@shdfnd@2@VNonTrackingAllocator@42@@internal@23@VNonTrackingAllocator@23@$00@internal@shdfnd@physx@@QEBAPEBV?$Pair@QEAVPxBase@physx@@_K@34@AEBQEAVPxBase@4@@Z 0000000180013780 f i CmCollection.obj
 0001:00012860       ?insert@?$HashMapBase@_KPEAVPxBase@physx@@U?$Hash@_K@shdfnd@2@VNonTrackingAllocator@42@@internal@shdfnd@physx@@QEAA_N_KQEAVPxBase@4@@Z 0000000180013860 f i CmCollection.obj
 0001:000128c0       ?release@Collection@Cm@physx@@UEAAXXZ 00000001800138c0 f i CmCollection.obj
 0001:000128e0       ?replaceWithLast@?$HashBase@V?$Pair@$$CB_KPEAVPxBase@physx@@@shdfnd@physx@@_KU?$Hash@_K@23@UGetKey@?$HashMapBase@_KPEAVPxBase@physx@@U?$Hash@_K@shdfnd@2@VNonTrackingAllocator@42@@internal@23@VNonTrackingAllocator@23@$00@internal@shdfnd@physx@@AEAAXI@Z 00000001800138e0 f i CmCollection.obj
 0001:00012a10       ?replaceWithLast@?$HashBase@V?$Pair@QEAVPxBase@physx@@_K@shdfnd@physx@@PEAVPxBase@3@U?$Hash@PEAVPxBase@physx@@@23@UGetKey@?$HashMapBase@PEAVPxBase@physx@@_KU?$Hash@PEAVPxBase@physx@@@shdfnd@2@VNonTrackingAllocator@42@@internal@23@VNonTrackingAllocator@23@$00@internal@shdfnd@physx@@AEAAXI@Z 0000000180013a10 f i CmCollection.obj
 0001:00012b40       ?reserveInternal@?$HashBase@V?$Pair@$$CB_KPEAVPxBase@physx@@@shdfnd@physx@@_KU?$Hash@_K@23@UGetKey@?$HashMapBase@_KPEAVPxBase@physx@@U?$Hash@_K@shdfnd@2@VNonTrackingAllocator@42@@internal@23@VNonTrackingAllocator@23@$00@internal@shdfnd@physx@@AEAAXI@Z 0000000180013b40 f i CmCollection.obj
 0001:00012db0       ?reserveInternal@?$HashBase@V?$Pair@QEAVPxBase@physx@@_K@shdfnd@physx@@PEAVPxBase@3@U?$Hash@PEAVPxBase@physx@@@23@UGetKey@?$HashMapBase@PEAVPxBase@physx@@_KU?$Hash@PEAVPxBase@physx@@@shdfnd@2@VNonTrackingAllocator@42@@internal@23@VNonTrackingAllocator@23@$00@internal@shdfnd@physx@@AEAAXI@Z 0000000180013db0 f i CmCollection.obj
 0001:00013020       ?PxTransformFromPlaneEquation@physx@@YA?AVPxTransform@1@AEBVPxPlane@1@@Z 0000000180014020 f   CmMathUtils.obj
 0001:000131e0       ?PxTransformFromSegment@physx@@YA?AVPxTransform@1@AEBVPxVec3@1@0PEAM@Z 00000001800141e0 f   CmMathUtils.obj
 0001:00013410       ??0PtrTable@Cm@physx@@QEAA@XZ 0000000180014410 f   CmPtrTable.obj
 0001:00013430       ??1PtrTable@Cm@physx@@QEAA@XZ 0000000180014430 f   CmPtrTable.obj
 0001:00013440       ?add@PtrTable@Cm@physx@@QEAAXPEAXAEAVPtrTableStorageManager@23@@Z 0000000180014440 f   CmPtrTable.obj
 0001:00013520       ?replaceWithLast@PtrTable@Cm@physx@@QEAAXIAEAVPtrTableStorageManager@23@@Z 0000000180014520 f   CmPtrTable.obj
 0001:00013620       ?clear@PtrTable@Cm@physx@@QEAAXAEAVPtrTableStorageManager@23@@Z 0000000180014620 f   CmPtrTable.obj
 0001:000136a0       ?find@PtrTable@Cm@physx@@QEBAIPEBX@Z 00000001800146a0 f   CmPtrTable.obj
 0001:000136d0       ?exportExtraData@PtrTable@Cm@physx@@QEAAXAEAVPxSerializationContext@3@@Z 00000001800146d0 f   CmPtrTable.obj
 0001:00013720       ?importExtraData@PtrTable@Cm@physx@@QEAAXAEAVPxDeserializationContext@3@@Z 0000000180014720 f   CmPtrTable.obj
 0001:00013750       ?getBinaryMetaData@PtrTable@Cm@physx@@SAXAEAVPxOutputStream@3@@Z 0000000180014750 f   CmPtrTable.obj
 0001:00013910       ?realloc@PtrTable@Cm@physx@@AEAAXIIAEAVPtrTableStorageManager@23@@Z 0000000180014910 f   CmPtrTable.obj
 0001:00013b10       ??0PtrTable@Cm@physx@@QEAA@W4PxEMPTY@2@@Z 0000000180014b10 f i CmPtrTable.obj
 0001:00013b40       ??4PtrTable@Cm@physx@@QEAAAEAU012@AEBU012@@Z 0000000180014b40 f i CmPtrTable.obj
 0001:00013b50       ?getCount@PtrTable@Cm@physx@@QEBAIXZ 0000000180014b50 f i CmPtrTable.obj
 0001:00013b60       ?getPtrs@PtrTable@Cm@physx@@QEAAPEAPEAXXZ 0000000180014b60 f i CmPtrTable.obj
 0001:00013b80       ?getPtrs@PtrTable@Cm@physx@@QEBAPEBQEAXXZ 0000000180014b80 f i CmPtrTable.obj
 0001:00013ba0       ??0RadixSort@Cm@physx@@QEAA@XZ 0000000180014ba0 f   CmRadixSort.obj
 0001:00013be0       ??1RadixSort@Cm@physx@@UEAA@XZ 0000000180014be0 f   CmRadixSort.obj
 0001:00013c00       ?Sort@RadixSort@Cm@physx@@QEAAAEAV123@PEBIIW4RadixHint@23@@Z 0000000180014c00 f   CmRadixSort.obj
 0001:00014220       ?Sort@RadixSort@Cm@physx@@QEAAAEAV123@PEBMI@Z 0000000180015220 f   CmRadixSort.obj
 0001:000148e0       ?SetBuffers@RadixSort@Cm@physx@@QEAA_NPEAI00PEAPEAI@Z 00000001800158e0 f   CmRadixSort.obj
 0001:00014c80       ??_ERadixSort@Cm@physx@@UEAAPEAXI@Z 0000000180015c80 f i CmRadixSort.obj
 0001:00014d30       ??_GRadixSort@Cm@physx@@UEAAPEAXI@Z 0000000180015d30 f i CmRadixSort.obj
 0001:00014d70       ??0RadixSortBuffered@Cm@physx@@QEAA@XZ 0000000180015d70 f   CmRadixSortBuffered.obj
 0001:00014da0       ??1RadixSortBuffered@Cm@physx@@UEAA@XZ 0000000180015da0 f   CmRadixSortBuffered.obj
 0001:00014e20       ?Sort@RadixSortBuffered@Cm@physx@@QEAAAEAV123@PEBIIW4RadixHint@23@@Z 0000000180015e20 f   CmRadixSortBuffered.obj
 0001:00014ec0       ?Sort@RadixSortBuffered@Cm@physx@@QEAAAEAV123@PEBMI@Z 0000000180015ec0 f   CmRadixSortBuffered.obj
 0001:00014f50       ?Resize@RadixSortBuffered@Cm@physx@@AEAA_NI@Z 0000000180015f50 f   CmRadixSortBuffered.obj
 0001:000150f0       ??_ERadixSortBuffered@Cm@physx@@UEAAPEAXI@Z 00000001800160f0 f i CmRadixSortBuffered.obj
 0001:00015240       ??_GRadixSortBuffered@Cm@physx@@UEAAPEAXI@Z 0000000180016240 f i CmRadixSortBuffered.obj
 0001:00015290       ?CheckResize@RadixSortBuffered@Cm@physx@@AEAAXI@Z 0000000180016290 f i CmRadixSortBuffered.obj
 0001:000152e0       ??6RenderOutput@Cm@physx@@QEAAAEAV012@W4Primitive@012@@Z 00000001800162e0 f   CmRenderOutput.obj
 0001:00015300       ??6RenderOutput@Cm@physx@@QEAAAEAV012@I@Z 0000000180016300 f   CmRenderOutput.obj
 0001:00015310       ??6RenderOutput@Cm@physx@@QEAAAEAV012@AEBVPxMat44@2@@Z 0000000180016310 f   CmRenderOutput.obj
 0001:00015380       ??6RenderOutput@Cm@physx@@QEAAAEAV012@AEBVPxTransform@2@@Z 0000000180016380 f   CmRenderOutput.obj
 0001:00015410       ??6RenderOutput@Cm@physx@@QEAAAEAV012@VPxVec3@2@@Z 0000000180016410 f   CmRenderOutput.obj
 0001:000158e0       ??6RenderOutput@Cm@physx@@QEAAAEAV012@AEBUDebugText@12@@Z 00000001800168e0 f   CmRenderOutput.obj
 0001:00015ab0       ?outputCapsule@RenderOutput@Cm@physx@@QEAAAEAV123@MMAEBVPxMat44@3@@Z 0000000180016ab0 f   CmRenderOutput.obj
 0001:00016640       ??0DebugText@Cm@physx@@QEAA@AEBVPxVec3@2@MPEBDZZ 0000000180017640 f   CmRenderOutput.obj
 0001:000166a0       ??6Cm@physx@@YAAEAVRenderOutput@01@AEAV201@AEBUDebugBox@01@@Z 00000001800176a0 f   CmRenderOutput.obj
 0001:00016ba0       ??6Cm@physx@@YAAEAVRenderOutput@01@AEAV201@AEBUDebugArrow@01@@Z 0000000180017ba0 f   CmRenderOutput.obj
 0001:00016f90       ??6Cm@physx@@YAAEAVRenderOutput@01@AEAV201@AEBUDebugBasis@01@@Z 0000000180017f90 f   CmRenderOutput.obj
 0001:00017090       ??6Cm@physx@@YAAEAVRenderOutput@01@AEAV201@AEBUDebugCircle@01@@Z 0000000180018090 f   CmRenderOutput.obj
 0001:00017180       ??6Cm@physx@@YAAEAVRenderOutput@01@AEAV201@AEBUDebugArc@01@@Z 0000000180018180 f   CmRenderOutput.obj
 0001:00017a70       ??$__vcrt_va_start_verify_argument_type@PEBD@@YAXXZ 0000000180018a70 f i CmRenderOutput.obj
 0001:00017a80       ??0DebugText@Cm@physx@@QEAA@$$QEAU012@@Z 0000000180018a80 f i CmRenderOutput.obj
 0001:00017ba0       ??0DebugText@Cm@physx@@QEAA@AEBU012@@Z 0000000180018ba0 f i CmRenderOutput.obj
 0001:00017cc0       ??0PxMat44@physx@@QEAA@AEBVPxTransform@1@@Z 0000000180018cc0 f i CmRenderOutput.obj
 0001:00017ed0       ??0RenderOutput@Cm@physx@@QEAA@AEAVRenderBuffer@12@@Z 0000000180018ed0 f i CmRenderOutput.obj
 0001:00017f40       ??0RenderOutput@Cm@physx@@QEAA@AEBV012@@Z 0000000180018f40 f i CmRenderOutput.obj
 0001:00018010       ??4DebugText@Cm@physx@@QEAAAEAU012@$$QEAU012@@Z 0000000180019010 f i CmRenderOutput.obj
 0001:000180a0       ??4DebugText@Cm@physx@@QEAAAEAU012@AEBU012@@Z 00000001800190a0 f i CmRenderOutput.obj
 0001:00018130       ?copy@?$Array@UPxDebugLine@physx@@VNamedAllocator@shdfnd@2@@shdfnd@physx@@KAXPEAUPxDebugLine@3@0PEBU43@@Z 0000000180019130 f i CmRenderOutput.obj
 0001:00018340       ?copy@?$Array@UPxDebugPoint@physx@@VNamedAllocator@shdfnd@2@@shdfnd@physx@@KAXPEAUPxDebugPoint@3@0PEBU43@@Z 0000000180019340 f i CmRenderOutput.obj
 0001:000184b0       ?copy@?$Array@UPxDebugText@physx@@VNamedAllocator@shdfnd@2@@shdfnd@physx@@KAXPEAUPxDebugText@3@0PEBU43@@Z 00000001800194b0 f i CmRenderOutput.obj
 0001:00018680       ?copy@?$Array@UPxDebugTriangle@physx@@VNamedAllocator@shdfnd@2@@shdfnd@physx@@KAXPEAUPxDebugTriangle@3@0PEBU43@@Z 0000000180019680 f i CmRenderOutput.obj
 0001:00018950       ?growAndPushBack@?$Array@DVNamedAllocator@shdfnd@physx@@@shdfnd@physx@@IEAAAEADAEBD@Z 0000000180019950 f i CmRenderOutput.obj
 0001:00018a60       ?growAndPushBack@?$Array@UPxDebugLine@physx@@VNamedAllocator@shdfnd@2@@shdfnd@physx@@IEAAAEAUPxDebugLine@3@AEBU43@@Z 0000000180019a60 f i CmRenderOutput.obj
 0001:00018ba0       ?growAndPushBack@?$Array@UPxDebugPoint@physx@@VNamedAllocator@shdfnd@2@@shdfnd@physx@@IEAAAEAUPxDebugPoint@3@AEBU43@@Z 0000000180019ba0 f i CmRenderOutput.obj
 0001:00018cc0       ?growAndPushBack@?$Array@UPxDebugText@physx@@VNamedAllocator@shdfnd@2@@shdfnd@physx@@IEAAAEAUPxDebugText@3@AEBU43@@Z 0000000180019cc0 f i CmRenderOutput.obj
 0001:00018df0       ?growAndPushBack@?$Array@UPxDebugTriangle@physx@@VNamedAllocator@shdfnd@2@@shdfnd@physx@@IEAAAEAUPxDebugTriangle@3@AEBU43@@Z 0000000180019df0 f i CmRenderOutput.obj
 0001:00018f60       ?outputSegment@RenderOutput@Cm@physx@@QEAAXAEBVPxVec3@3@0@Z 0000000180019f60 f i CmRenderOutput.obj
 0001:00019040       ?recreate@?$Array@DVNamedAllocator@shdfnd@physx@@@shdfnd@physx@@IEAAXI@Z 000000018001a040 f i CmRenderOutput.obj
 0001:00019120       ?recreate@?$Array@UPxDebugLine@physx@@VNamedAllocator@shdfnd@2@@shdfnd@physx@@IEAAXI@Z 000000018001a120 f i CmRenderOutput.obj
 0001:000191e0       ?reserveSegments@RenderOutput@Cm@physx@@QEAAPEAUPxDebugLine@3@I@Z 000000018001a1e0 f i CmRenderOutput.obj
 0001:00019250       ?transform@PxMat44@physx@@QEBA?BVPxVec4@2@AEBV32@@Z 000000018001a250 f i CmRenderOutput.obj
 0001:00019410       ?visualizeJointFrames@Cm@physx@@YAXAEAVRenderOutput@12@MAEBVPxTransform@2@1@Z 000000018001a410 f   CmVisualization.obj
 0001:000194e0       ?visualizeLinearLimit@Cm@physx@@YAXAEAVRenderOutput@12@MAEBVPxTransform@2@1M_N@Z 000000018001a4e0 f   CmVisualization.obj
 0001:00019740       ?visualizeAngularLimit@Cm@physx@@YAXAEAVRenderOutput@12@MAEBVPxTransform@2@MM_N@Z 000000018001a740 f   CmVisualization.obj
 0001:00019930       ?visualizeLimitCone@Cm@physx@@YAXAEAVRenderOutput@12@MAEBVPxTransform@2@MM_N@Z 000000018001a930 f   CmVisualization.obj
 0001:00019c50       ?visualizeDoubleCone@Cm@physx@@YAXAEAVRenderOutput@12@MAEBVPxTransform@2@M_N@Z 000000018001ac50 f   CmVisualization.obj
 0001:0001a170       ??DPxQuat@physx@@QEBA?AV01@AEBV01@@Z 000000018001b170 f i CmVisualization.obj
 0001:0001a2f0       ?contactBoxBox@Gu@physx@@YA_NAEBVGeometryUnion@12@0AEBVPxTransform@2@1AEBUNarrowPhaseParams@12@AEAUCache@12@AEAVContactBuffer@12@PEAVRenderOutput@Cm@2@@Z 000000018001b2f0 f   GuContactBoxBox.obj
 0001:0001a6a0       ??0Box@Gu@physx@@QEAA@AEBV012@@Z 000000018001b6a0 f i GuContactBoxBox.obj
 0001:0001a720       ??0Box@Gu@physx@@QEAA@AEBVPxVec3@2@0AEBVPxMat33@2@@Z 000000018001b720 f i GuContactBoxBox.obj
 0001:0001a7a0       ??0Box@Gu@physx@@QEAA@XZ   000000018001b7a0 f i GuContactBoxBox.obj
 0001:0001a7b0       ??0GeometryUnion@Gu@physx@@QEAA@AEBVPxGeometry@2@@Z 000000018001b7b0 f i GuContactBoxBox.obj
 0001:0001a7d0       ??0GeometryUnion@Gu@physx@@QEAA@W4PxEMPTY@2@@Z 000000018001b7d0 f i GuContactBoxBox.obj
 0001:0001a7e0       ??0GeometryUnion@Gu@physx@@QEAA@XZ 000000018001b7e0 f i GuContactBoxBox.obj
 0001:0001a7f0       ??0MaterialIndicesStruct@physx@@QEAA@W4PxEMPTY@1@@Z 000000018001b7f0 f i GuContactBoxBox.obj
 0001:0001a800       ??0MaterialIndicesStruct@physx@@QEAA@XZ 000000018001b800 f i GuContactBoxBox.obj
 0001:0001a810       ??0PxQuat@physx@@QEAA@AEBVPxMat33@1@@Z 000000018001b810 f i GuContactBoxBox.obj
 0001:0001aa90       ??0PxVec3@physx@@QEAA@XZ   000000018001ba90 f i GuContactBoxBox.obj
 0001:0001aaa0       ??0VertexInfo@@QEAA@XZ     000000018001baa0 f i GuContactBoxBox.obj
 0001:0001aab0       ??1Box@Gu@physx@@QEAA@XZ   000000018001bab0 f i GuContactBoxBox.obj
 0001:0001aac0       ??1MaterialIndicesStruct@physx@@QEAA@XZ 000000018001bac0 f i GuContactBoxBox.obj
 0001:0001aad0       ??1PxBase@physx@@MEAA@XZ   000000018001bad0 f i GuContactBoxBox.obj
 0001:0001aae0       ??1PxConvexMesh@physx@@MEAA@XZ 000000018001bae0 f i GuContactBoxBox.obj
 0001:0001aaf0       ??4Box@Gu@physx@@QEAAAEBV012@AEBV012@@Z 000000018001baf0 f i GuContactBoxBox.obj
 0001:0001ab70       ??4GeometryUnion@Gu@physx@@QEAAAEAV012@$$QEAV012@@Z 000000018001bb70 f i GuContactBoxBox.obj
 0001:0001abb0       ??4GeometryUnion@Gu@physx@@QEAAAEAV012@AEBV012@@Z 000000018001bbb0 f i GuContactBoxBox.obj
 0001:0001abf0       ??4MaterialIndicesStruct@physx@@QEAAAEAU01@AEBU01@@Z 000000018001bbf0 f i GuContactBoxBox.obj
 0001:0001ac00       ??_EPxBase@physx@@MEAAPEAXI@Z 000000018001bc00 f i GuContactBoxBox.obj
 0001:0001ac00       ??_GPxBase@physx@@MEAAPEAXI@Z 000000018001bc00 f i GuContactBoxBox.obj
 0001:0001ac40       ??_H@YAXPEAX_K1P6APEAX0@Z@Z 000000018001bc40 f i GuContactBoxBox.obj
 0001:0001aca0       ?allocate@MaterialIndicesStruct@physx@@QEAAXG@Z 000000018001bca0 f i GuContactBoxBox.obj
 0001:0001ad20       ?computeAABBExtent@Box@Gu@physx@@QEBA?AVPxVec3@3@XZ 000000018001bd20 f i GuContactBoxBox.obj
 0001:0001ae10       ?computeBoxPoints@Box@Gu@physx@@QEBAXPEIAVPxVec3@3@@Z 000000018001be10 f i GuContactBoxBox.obj
 0001:0001ae50       ?deallocate@MaterialIndicesStruct@physx@@QEAAXXZ 000000018001be50 f i GuContactBoxBox.obj
 0001:0001e3c0       ?getConcreteTypeName@PxConvexMesh@physx@@UEBAPEBDXZ 000000018001f3c0 f i GuContactBoxBox.obj
 0001:0001e3d0       ?getGeometry@GeometryUnion@Gu@physx@@QEBAAEBVPxGeometry@3@XZ 000000018001f3d0 f i GuContactBoxBox.obj
 0001:0001e3e0       ?getTransform@Box@Gu@physx@@QEBA?AVPxTransform@3@XZ 000000018001f3e0 f i GuContactBoxBox.obj
 0001:0001e450       ?getType@GeometryUnion@Gu@physx@@QEBA?AW4Enum@PxGeometryType@3@XZ 000000018001f450 f i GuContactBoxBox.obj
 0001:0001e460       ?isKindOf@PxBase@physx@@MEBA_NPEBD@Z 000000018001f460 f i GuContactBoxBox.obj
 0001:0001e4a0       ?isKindOf@PxConvexMesh@physx@@MEBA_NPEBD@Z 000000018001f4a0 f i GuContactBoxBox.obj
 0001:0001e500       ?isReleasable@PxBase@physx@@UEBA_NXZ 000000018001f500 f i GuContactBoxBox.obj
 0001:0001e510       ?isValid@Box@Gu@physx@@QEBA_NXZ 000000018001f510 f i GuContactBoxBox.obj
 0001:0001e530       ?rotate@Box@Gu@physx@@QEBA?AVPxVec3@3@AEBV43@@Z 000000018001f530 f i GuContactBoxBox.obj
 0001:0001e600       ?rotateInv@Box@Gu@physx@@QEBA?AVPxVec3@3@AEBV43@@Z 000000018001f600 f i GuContactBoxBox.obj
 0001:0001e6b0       ?setAxes@Box@Gu@physx@@QEAAXAEBVPxVec3@3@00@Z 000000018001f6b0 f i GuContactBoxBox.obj
 0001:0001e700       ?setEmpty@Box@Gu@physx@@QEAAXXZ 000000018001f700 f i GuContactBoxBox.obj
 0001:0001e750       ?transform@Box@Gu@physx@@QEBA?AVPxVec3@3@AEBV43@@Z 000000018001f750 f i GuContactBoxBox.obj
 0001:0001e830       ?contactCapsuleBox@Gu@physx@@YA_NAEBVGeometryUnion@12@0AEBVPxTransform@2@1AEBUNarrowPhaseParams@12@AEAUCache@12@AEAVContactBuffer@12@PEAVRenderOutput@Cm@2@@Z 000000018001f830 f   GuContactCapsuleBox.obj
 0001:00020970       ?contactCapsuleCapsule@Gu@physx@@YA_NAEBVGeometryUnion@12@0AEBVPxTransform@2@1AEBUNarrowPhaseParams@12@AEAUCache@12@AEAVContactBuffer@12@PEAVRenderOutput@Cm@2@@Z 0000000180021970 f   GuContactCapsuleCapsule.obj
 0001:00021550       ??0Segment@Gu@physx@@QEAA@XZ 0000000180022550 f i GuContactCapsuleCapsule.obj
 0001:00021560       ??1Segment@Gu@physx@@QEAA@XZ 0000000180022560 f i GuContactCapsuleCapsule.obj
 0001:00021570       ?contactCapsuleConvex@Gu@physx@@YA_NAEBVGeometryUnion@12@0AEBVPxTransform@2@1AEBUNarrowPhaseParams@12@AEAUCache@12@AEAVContactBuffer@12@PEAVRenderOutput@Cm@2@@Z 0000000180022570 f   GuContactCapsuleConvex.obj
 0001:000228e0       ??$gjk@U?$LocalConvex@VCapsuleV@Gu@physx@@@Gu@physx@@U?$LocalConvex@VConvexHullV@Gu@physx@@@23@@Gu@physx@@YA?AW4GjkStatus@01@AEBU?$LocalConvex@VCapsuleV@Gu@physx@@@01@AEBU?$LocalConvex@VConvexHullV@Gu@physx@@@01@AEBT__m128@@2AEAT5@333@Z 00000001800238e0 f i GuContactCapsuleConvex.obj
 0001:00023a80       ??0ConvexEdge@Gu@physx@@QEAA@XZ 0000000180024a80 f i GuContactCapsuleConvex.obj
 0001:00023a90       ??0ConvexMesh@Gu@physx@@QEAA@V?$PxFlags@W4Enum@PxBaseFlag@physx@@G@2@@Z 0000000180024a90 f i GuContactCapsuleConvex.obj
 0001:00023af0       ??0HullPolygonData@Gu@physx@@QEAA@AEBU012@@Z 0000000180024af0 f i GuContactCapsuleConvex.obj
 0001:00023b30       ??0PolygonalBox@Gu@physx@@QEAA@AEBV012@@Z 0000000180024b30 f i GuContactCapsuleConvex.obj
 0001:00023c40       ??0PxVec3@physx@@QEAA@AEBV01@@Z 0000000180024c40 f i GuContactCapsuleConvex.obj
 0001:00023c60       ??1GjkConvexBase@Gu@physx@@UEAA@XZ 0000000180024c60 f i GuContactCapsuleConvex.obj
 0001:00023c70       ??1RefCountable@Cm@physx@@UEAA@XZ 0000000180024c70 f i GuContactCapsuleConvex.obj
 0001:00023c80       ??4FPUGuard@shdfnd@physx@@QEAAAEAV012@AEBV012@@Z 0000000180024c80 f i GuContactCapsuleConvex.obj
 0001:00023ca0       ??Dphysx@@YA?AVMatrix34@Cm@0@AEBVPxMeshScale@0@AEBVPxTransform@0@@Z 0000000180024ca0 f i GuContactCapsuleConvex.obj
 0001:00024480       ??_EConvexMesh@Gu@physx@@UEAAPEAXI@Z 0000000180025480 f i GuContactCapsuleConvex.obj
 0001:000245d0       ??_EConvexMesh@Gu@physx@@WBA@EAAPEAXI@Z 00000001800255d0 f i GuContactCapsuleConvex.obj
 0001:000245e0       ??_EPxConvexMesh@physx@@MEAAPEAXI@Z 00000001800255e0 f i GuContactCapsuleConvex.obj
 0001:00024690       ??_G?$LocalConvex@VCapsuleV@Gu@physx@@@Gu@physx@@UEAAPEAXI@Z 0000000180025690 f i GuContactCapsuleConvex.obj
 0001:00024690       ??_E?$LocalConvex@VCapsuleV@Gu@physx@@@Gu@physx@@UEAAPEAXI@Z 0000000180025690 f i GuContactCapsuleConvex.obj
 0001:000246d0       ??_G?$LocalConvex@VConvexHullV@Gu@physx@@@Gu@physx@@UEAAPEAXI@Z 00000001800256d0 f i GuContactCapsuleConvex.obj
 0001:000246d0       ??_E?$LocalConvex@VConvexHullV@Gu@physx@@@Gu@physx@@UEAAPEAXI@Z 00000001800256d0 f i GuContactCapsuleConvex.obj
 0001:00024710       ??_EGjkConvex@Gu@physx@@UEAAPEAXI@Z 0000000180025710 f i GuContactCapsuleConvex.obj
 0001:00024710       ??_GGjkConvex@Gu@physx@@UEAAPEAXI@Z 0000000180025710 f i GuContactCapsuleConvex.obj
 0001:00024750       ??_GGjkConvexBase@Gu@physx@@UEAAPEAXI@Z 0000000180025750 f i GuContactCapsuleConvex.obj
 0001:00024750       ??_EGjkConvexBase@Gu@physx@@UEAAPEAXI@Z 0000000180025750 f i GuContactCapsuleConvex.obj
 0001:00024790       ??_ERefCountable@Cm@physx@@UEAAPEAXI@Z 0000000180025790 f i GuContactCapsuleConvex.obj
 0001:00024790       ??_GRefCountable@Cm@physx@@UEAAPEAXI@Z 0000000180025790 f i GuContactCapsuleConvex.obj
 0001:000247d0       ??__G@YAXPEAX0_K1P6APEAX00@Z@Z 00000001800257d0 f i GuContactCapsuleConvex.obj
 0001:00024850       ?ComputeCubemapNearestOffset@physx@@YAIAEBVPxVec3@1@I@Z 0000000180025850 f i GuContactCapsuleConvex.obj
 0001:00026fb0       ?getCenter@?$LocalConvex@VCapsuleV@Gu@physx@@@Gu@physx@@UEBA?AT__m128@@XZ 0000000180027fb0 f i GuContactCapsuleConvex.obj
 0001:00026fd0       ?getCenter@?$LocalConvex@VConvexHullV@Gu@physx@@@Gu@physx@@UEBA?AT__m128@@XZ 0000000180027fd0 f i GuContactCapsuleConvex.obj
 0001:00026ff0       ?getIndexBuffer@ConvexMesh@Gu@physx@@UEBAPEBEXZ 0000000180027ff0 f i GuContactCapsuleConvex.obj
 0001:00027040       ?getInverse@PxMat33@physx@@QEBA?BV12@XZ 0000000180028040 f i GuContactCapsuleConvex.obj
 0001:00027370       ?getNbPolygons@ConvexMesh@Gu@physx@@UEBAIXZ 0000000180028370 f i GuContactCapsuleConvex.obj
 0001:00027380       ?getNbVertices@ConvexMesh@Gu@physx@@UEBAIXZ 0000000180028380 f i GuContactCapsuleConvex.obj
 0001:00027390       ?getSweepMargin@?$LocalConvex@VCapsuleV@Gu@physx@@@Gu@physx@@UEBA?AT__m128@@XZ 0000000180028390 f i GuContactCapsuleConvex.obj
 0001:000273a0       ?getSweepMargin@?$LocalConvex@VConvexHullV@Gu@physx@@@Gu@physx@@UEBA?AT__m128@@XZ 00000001800283a0 f i GuContactCapsuleConvex.obj
 0001:000273d0       ?getSweepMargin@GjkConvex@Gu@physx@@UEBA?AT__m128@@XZ 00000001800283d0 f i GuContactCapsuleConvex.obj
 0001:000273f0       ?getVertices@ConvexMesh@Gu@physx@@UEBAPEBVPxVec3@3@XZ 00000001800283f0 f i GuContactCapsuleConvex.obj
 0001:00027410       ?hillClimbing@ConvexHullV@Gu@physx@@QEBAIAEBT__m128@@@Z 0000000180028410 f i GuContactCapsuleConvex.obj
 0001:000275d0       ?init@FastVertex2ShapeScaling@Cm@physx@@QEAAXAEBVPxVec3@3@AEBVPxQuat@3@@Z 00000001800285d0 f i GuContactCapsuleConvex.obj
 0001:00027cc0       ?onRefCountZero@RefCountable@Cm@physx@@UEAAXXZ 0000000180028cc0 f i GuContactCapsuleConvex.obj
 0001:00027ec0       ?requires@ConvexMesh@Gu@physx@@UEAAXAEAVPxProcessPxBaseCallback@3@@Z 0000000180028ec0 f i GuContactCapsuleConvex.obj
 0001:00027ed0       ?support@?$LocalConvex@VCapsuleV@Gu@physx@@@Gu@physx@@UEBA?AT__m128@@AEBT4@@Z 0000000180028ed0 f i GuContactCapsuleConvex.obj
 0001:00027f40       ?support@?$LocalConvex@VCapsuleV@Gu@physx@@@Gu@physx@@UEBA?AT__m128@@AEBT4@AEAHPEAT4@@Z 0000000180028f40 f i GuContactCapsuleConvex.obj
 0001:00027fd0       ?support@?$LocalConvex@VConvexHullV@Gu@physx@@@Gu@physx@@UEBA?AT__m128@@AEBT4@@Z 0000000180028fd0 f i GuContactCapsuleConvex.obj
 0001:000280c0       ?support@?$LocalConvex@VConvexHullV@Gu@physx@@@Gu@physx@@UEBA?AT__m128@@AEBT4@AEAHPEAT4@@Z 00000001800290c0 f i GuContactCapsuleConvex.obj
 0001:000281c0       ?support@GjkConvex@Gu@physx@@UEBA?AT__m128@@AEBT4@@Z 00000001800291c0 f i GuContactCapsuleConvex.obj
 0001:000281e0       ?support@GjkConvex@Gu@physx@@UEBA?AT__m128@@AEBT4@AEAHPEAT4@@Z 00000001800291e0 f i GuContactCapsuleConvex.obj
 0001:00028210       ?supportPoint@?$LocalConvex@VCapsuleV@Gu@physx@@@Gu@physx@@UEBA?AT__m128@@HPEAT4@@Z 0000000180029210 f i GuContactCapsuleConvex.obj
 0001:00028240       ?supportPoint@?$LocalConvex@VConvexHullV@Gu@physx@@@Gu@physx@@UEBA?AT__m128@@HPEAT4@@Z 0000000180029240 f i GuContactCapsuleConvex.obj
 0001:000282a0       ?supportPoint@GjkConvex@Gu@physx@@UEBA?AT__m128@@HPEAT4@@Z 00000001800292a0 f i GuContactCapsuleConvex.obj
 0001:000282c0       ?supportVertexIndex@ConvexHullV@Gu@physx@@QEBAIAEBT__m128@@@Z 00000001800292c0 f i GuContactCapsuleConvex.obj
 0001:00028380       ?contactCapsuleMesh@Gu@physx@@YA_NAEBVGeometryUnion@12@0AEBVPxTransform@2@1AEBUNarrowPhaseParams@12@AEAUCache@12@AEAVContactBuffer@12@PEAVRenderOutput@Cm@2@@Z 0000000180029380 f   GuContactCapsuleMesh.obj
 0001:000288b0       ?contactCapsuleHeightfield@Gu@physx@@YA_NAEBVGeometryUnion@12@0AEBVPxTransform@2@1AEBUNarrowPhaseParams@12@AEAUCache@12@AEAVContactBuffer@12@PEAVRenderOutput@Cm@2@@Z 00000001800298b0 f   GuContactCapsuleMesh.obj
 0001:000294a0       ??0HeightFieldData@Gu@physx@@QEAA@$$QEAU012@@Z 000000018002a4a0 f i GuContactCapsuleMesh.obj
 0001:00029520       ??0HeightFieldData@Gu@physx@@QEAA@AEBU012@@Z 000000018002a520 f i GuContactCapsuleMesh.obj
 0001:000295a0       ??0HeightFieldData@Gu@physx@@QEAA@W4PxEMPTY@2@@Z 000000018002a5a0 f i GuContactCapsuleMesh.obj
 0001:000295b0       ??0HeightFieldData@Gu@physx@@QEAA@XZ 000000018002a5b0 f i GuContactCapsuleMesh.obj
 0001:000295c0       ??0HeightFieldUtil@Gu@physx@@QEAA@AEBVPxHeightFieldGeometry@2@@Z 000000018002a5c0 f i GuContactCapsuleMesh.obj
 0001:00029610       ??0HeightFieldUtil@Gu@physx@@QEAA@AEBVPxHeightFieldGeometry@2@AEBVHeightField@12@@Z 000000018002a610 f i GuContactCapsuleMesh.obj
 0001:00029660       ??0HeightFieldUtil@Gu@physx@@QEAA@XZ 000000018002a660 f i GuContactCapsuleMesh.obj
 0001:00029670       ??1?$EntityReport@I@Gu@physx@@UEAA@XZ 000000018002a670 f i GuContactCapsuleMesh.obj
 0001:00029680       ??1?$MeshHitCallback@UPxRaycastHit@physx@@@Gu@physx@@UEAA@XZ 000000018002a680 f i GuContactCapsuleMesh.obj
 0001:00029690       ??1HeightFieldData@Gu@physx@@QEAA@XZ 000000018002a690 f i GuContactCapsuleMesh.obj
 0001:000296a0       ??1PxHeightField@physx@@MEAA@XZ 000000018002a6a0 f i GuContactCapsuleMesh.obj
 0001:000296b0       ??4HeightFieldData@Gu@physx@@QEAAAEAU012@$$QEAU012@@Z 000000018002a6b0 f i GuContactCapsuleMesh.obj
 0001:00029730       ??4HeightFieldData@Gu@physx@@QEAAAEAU012@AEBU012@@Z 000000018002a730 f i GuContactCapsuleMesh.obj
 0001:000297b0       ??4HeightFieldUtil@Gu@physx@@QEAAAEAV012@$$QEAV012@@Z 000000018002a7b0 f i GuContactCapsuleMesh.obj
 0001:000297e0       ??4HeightFieldUtil@Gu@physx@@QEAAAEAV012@AEBV012@@Z 000000018002a7e0 f i GuContactCapsuleMesh.obj
 0001:00029800       ??_G?$EntityReport@I@Gu@physx@@UEAAPEAXI@Z 000000018002a800 f i GuContactCapsuleMesh.obj
 0001:00029800       ??_E?$EntityReport@I@Gu@physx@@UEAAPEAXI@Z 000000018002a800 f i GuContactCapsuleMesh.obj
 0001:00029840       ??_G?$MeshHitCallback@UPxRaycastHit@physx@@@Gu@physx@@UEAAPEAXI@Z 000000018002a840 f i GuContactCapsuleMesh.obj
 0001:00029840       ??_E?$MeshHitCallback@UPxRaycastHit@physx@@@Gu@physx@@UEAAPEAXI@Z 000000018002a840 f i GuContactCapsuleMesh.obj
 0001:00029880       ??_ECapsuleHeightfieldContactGenerationCallback@?A0x96029e82@@UEAAPEAXI@Z 000000018002a880 f i GuContactCapsuleMesh.obj
 0001:00029880       ??_GCapsuleHeightfieldContactGenerationCallback@?A0x96029e82@@UEAAPEAXI@Z 000000018002a880 f i GuContactCapsuleMesh.obj
 0001:000298c0       ??_GCapsuleMeshContactGenerationCallback_NoScale@?A0x96029e82@@UEAAPEAXI@Z 000000018002a8c0 f i GuContactCapsuleMesh.obj
 0001:000298c0       ??_ECapsuleMeshContactGenerationCallback_NoScale@?A0x96029e82@@UEAAPEAXI@Z 000000018002a8c0 f i GuContactCapsuleMesh.obj
 0001:00029900       ??_ECapsuleMeshContactGenerationCallback_Scale@?A0x96029e82@@UEAAPEAXI@Z 000000018002a900 f i GuContactCapsuleMesh.obj
 0001:00029900       ??_GCapsuleMeshContactGenerationCallback_Scale@?A0x96029e82@@UEAAPEAXI@Z 000000018002a900 f i GuContactCapsuleMesh.obj
 0001:0002b130       ?ceilUp@HeightFieldUtil@Gu@physx@@SAMM@Z 000000018002c130 f i GuContactCapsuleMesh.obj
 0001:0002b180       ?clipShapeNormalToVertexVoronoi@HeightFieldUtil@Gu@physx@@QEBA_NAEAVPxVec3@3@III@Z 000000018002c180 f i GuContactCapsuleMesh.obj
 0001:0002b610       ?computePointNormal@HeightFieldUtil@Gu@physx@@QEBA?AVPxVec3@3@IAEBV43@AEBVPxTransform@3@MMMMAEAM@Z 000000018002c610 f i GuContactCapsuleMesh.obj
 0001:0002bb80       ?floorDown@HeightFieldUtil@Gu@physx@@SAMM@Z 000000018002cb80 f i GuContactCapsuleMesh.obj
 0001:0002bbd0       ?getConcreteTypeName@PxHeightField@physx@@UEBAPEBDXZ 000000018002cbd0 f i GuContactCapsuleMesh.obj
 0001:0002bbe0       ?getConvexEdgeThreshold@HeightField@Gu@physx@@UEBAMXZ 000000018002cbe0 f i GuContactCapsuleMesh.obj
 0001:0002bbf0       ?getEdgeDirection@HeightFieldUtil@Gu@physx@@QEBA?AVPxVec3@3@II@Z 000000018002cbf0 f i GuContactCapsuleMesh.obj
 0001:0002bdb0       ?getFeatureIndex@HeightFieldUtil@Gu@physx@@SAII@Z 000000018002cdb0 f i GuContactCapsuleMesh.obj
 0001:0002bdc0       ?getFeatureType@HeightFieldUtil@Gu@physx@@SA?AW4Feature@123@I@Z 000000018002cdc0 f i GuContactCapsuleMesh.obj
 0001:0002bdd0       ?getFlags@HeightField@Gu@physx@@UEBA?AV?$PxFlags@W4Enum@PxHeightFieldFlag@physx@@G@3@XZ 000000018002cdd0 f i GuContactCapsuleMesh.obj
 0001:0002bde0       ?getFormat@HeightField@Gu@physx@@UEBA?AW4Enum@PxHeightFieldFormat@3@XZ 000000018002cde0 f i GuContactCapsuleMesh.obj
 0001:0002bdf0       ?getHeight@HeightField@Gu@physx@@UEBAMMM@Z 000000018002cdf0 f i GuContactCapsuleMesh.obj
 0001:0002be40       ?getHeightAtShapePoint2@HeightFieldUtil@Gu@physx@@QEBAMIMM@Z 000000018002ce40 f i GuContactCapsuleMesh.obj
 0001:0002be70       ?getHeightAtShapePoint@HeightFieldUtil@Gu@physx@@QEBAMMM@Z 000000018002ce70 f i GuContactCapsuleMesh.obj
 0001:0002bef0       ?getHeightField@HeightFieldUtil@Gu@physx@@QEBAAEBVHeightField@23@XZ 000000018002cef0 f i GuContactCapsuleMesh.obj
 0001:0002bf00       ?getHeightFieldGeometry@HeightFieldUtil@Gu@physx@@QEBAAEBVPxHeightFieldGeometry@3@XZ 000000018002cf00 f i GuContactCapsuleMesh.obj
 0001:0002bf10       ?getHeightInternal2@HeightField@Gu@physx@@QEBAMIMM@Z 000000018002cf10 f i GuContactCapsuleMesh.obj
 0001:0002c0d0       ?getNbColumns@HeightField@Gu@physx@@UEBAIXZ 000000018002d0d0 f i GuContactCapsuleMesh.obj
 0001:0002c0e0       ?getNbRows@HeightField@Gu@physx@@UEBAIXZ 000000018002d0e0 f i GuContactCapsuleMesh.obj
 0001:0002c0f0       ?getNormalAtShapePoint2@HeightFieldUtil@Gu@physx@@QEBA?AVPxVec3@3@IMM@Z 000000018002d0f0 f i GuContactCapsuleMesh.obj
 0001:0002c150       ?getNormalAtShapePoint@HeightFieldUtil@Gu@physx@@QEBA?AVPxVec3@3@MM@Z 000000018002d150 f i GuContactCapsuleMesh.obj
 0001:0002c230       ?getNormal_2@HeightField@Gu@physx@@QEBA?AVPxVec3@3@IMMMMM@Z 000000018002d230 f i GuContactCapsuleMesh.obj
 0001:0002c3a0       ?getOneOverColumnScale@HeightFieldUtil@Gu@physx@@QEBAMXZ 000000018002d3a0 f i GuContactCapsuleMesh.obj
 0001:0002c3b0       ?getOneOverHeightScale@HeightFieldUtil@Gu@physx@@QEBAMXZ 000000018002d3b0 f i GuContactCapsuleMesh.obj
 0001:0002c3c0       ?getOneOverRowScale@HeightFieldUtil@Gu@physx@@QEBAMXZ 000000018002d3c0 f i GuContactCapsuleMesh.obj
 0001:0002c3d0       ?getPaddedBounds@HeightFieldData@Gu@physx@@QEBAAEBVCenterExtentsPadded@23@XZ 000000018002d3d0 f i GuContactCapsuleMesh.obj
 0001:0002c3e0       ?getSampleStride@HeightField@Gu@physx@@UEBAIXZ 000000018002d3e0 f i GuContactCapsuleMesh.obj
 0001:0002c3f0       ?getThickness@HeightField@Gu@physx@@UEBAMXZ 000000018002d3f0 f i GuContactCapsuleMesh.obj
 0001:0002c400       ?getTimestamp@HeightField@Gu@physx@@UEBAIXZ 000000018002d400 f i GuContactCapsuleMesh.obj
 0001:0002c410       ?getTriangleMaterialIndex@HeightField@Gu@physx@@UEBAGI@Z 000000018002d410 f i GuContactCapsuleMesh.obj
 0001:0002c460       ?getTriangleNormal@HeightField@Gu@physx@@UEBA?AVPxVec3@3@I@Z 000000018002d460 f i GuContactCapsuleMesh.obj
 0001:0002c480       ?getTriangleNormalInternal@HeightField@Gu@physx@@QEBA?AVPxVec3@3@I@Z 000000018002d480 f i GuContactCapsuleMesh.obj
 0001:0002c640       ?getVertexNormal@HeightFieldUtil@Gu@physx@@QEBA?AVPxVec3@3@I@Z 000000018002d640 f i GuContactCapsuleMesh.obj
 0001:0002c680       ?hf2shapen@HeightFieldUtil@Gu@physx@@QEBA?AVPxVec3@3@AEBV43@@Z 000000018002d680 f i GuContactCapsuleMesh.obj
 0001:0002c6c0       ?hf2shapep@HeightFieldUtil@Gu@physx@@QEBA?AVPxVec3@3@AEBV43@@Z 000000018002d6c0 f i GuContactCapsuleMesh.obj
 0001:0002c710       ?hf2worldn@HeightFieldUtil@Gu@physx@@QEBA?AVPxVec3@3@AEBVPxTransform@3@AEBV43@@Z 000000018002d710 f i GuContactCapsuleMesh.obj
 0001:0002c8e0       ?hf2worldp@HeightFieldUtil@Gu@physx@@QEBA?AVPxVec3@3@AEBVPxTransform@3@AEBV43@@Z 000000018002d8e0 f i GuContactCapsuleMesh.obj
 0001:0002cad0       ?initialize@HeightFieldUtil@Gu@physx@@AEAAXXZ 000000018002dad0 f i GuContactCapsuleMesh.obj
 0001:0002cb10       ?initialize@HeightFieldUtil@Gu@physx@@QEAAXAEBVPxHeightFieldGeometry@3@AEBVHeightField@23@@Z 000000018002db10 f i GuContactCapsuleMesh.obj
 0001:0002cb60       ?isCollisionVertex@HeightFieldUtil@Gu@physx@@QEBA_NIII@Z 000000018002db60 f i GuContactCapsuleMesh.obj
 0001:0002cb80       ?isKindOf@PxHeightField@physx@@MEBA_NPEBD@Z 000000018002db80 f i GuContactCapsuleMesh.obj
 0001:0002cbe0       ?isQueryVertex@HeightFieldUtil@Gu@physx@@QEBA_NIII@Z 000000018002dbe0 f i GuContactCapsuleMesh.obj
 0001:0002ccd0       ?isShapePointOnHeightField@HeightFieldUtil@Gu@physx@@QEBA_NMM@Z 000000018002dcd0 f i GuContactCapsuleMesh.obj
 0001:0002cd30       ?makeFeatureCode@HeightFieldUtil@Gu@physx@@SAIIW4Feature@123@@Z 000000018002dd30 f i GuContactCapsuleMesh.obj
 0001:0002dbf0       ?shape2hfp@HeightFieldUtil@Gu@physx@@QEBA?AVPxVec3@3@AEBV43@@Z 000000018002ebf0 f i GuContactCapsuleMesh.obj
 0001:0002dc30       ?transformFast@PxBounds3@physx@@SA?AV12@AEBVPxTransform@2@AEBV12@@Z 000000018002ec30 f i GuContactCapsuleMesh.obj
 0001:0002e160       ?transformQueryBounds@FastVertex2ShapeScaling@Cm@physx@@QEBAXAEAVPxVec3@3@0AEAVPxMat33@3@@Z 000000018002f160 f i GuContactCapsuleMesh.obj
 0001:0002e470       ?contactBoxConvex@Gu@physx@@YA_NAEBVGeometryUnion@12@0AEBVPxTransform@2@1AEBUNarrowPhaseParams@12@AEAUCache@12@AEAVContactBuffer@12@PEAVRenderOutput@Cm@2@@Z 000000018002f470 f   GuContactConvexConvex.obj
 0001:0002e610       ?contactConvexConvex@Gu@physx@@YA_NAEBVGeometryUnion@12@0AEBVPxTransform@2@1AEBUNarrowPhaseParams@12@AEAUCache@12@AEAVContactBuffer@12@PEAVRenderOutput@Cm@2@@Z 000000018002f610 f   GuContactConvexConvex.obj
 0001:0002e810       ??0SeparatingAxes@Gu@physx@@QEAA@$$QEAV012@@Z 000000018002f810 f i GuContactConvexConvex.obj
 0001:0002e870       ??0SeparatingAxes@Gu@physx@@QEAA@AEBV012@@Z 000000018002f870 f i GuContactConvexConvex.obj
 0001:0002e8d0       ??0SeparatingAxes@Gu@physx@@QEAA@XZ 000000018002f8d0 f i GuContactConvexConvex.obj
 0001:0002e8e0       ??4SeparatingAxes@Gu@physx@@QEAAAEAV012@$$QEAV012@@Z 000000018002f8e0 f i GuContactConvexConvex.obj
 0001:0002ea30       ??4SeparatingAxes@Gu@physx@@QEAAAEAV012@AEBV012@@Z 000000018002fa30 f i GuContactConvexConvex.obj
 0001:00033eb0       ?getAxes@SeparatingAxes@Gu@physx@@QEBAPEBVPxVec3@3@XZ 0000000180034eb0 f i GuContactConvexConvex.obj
 0001:00033ec0       ?getNumAxes@SeparatingAxes@Gu@physx@@QEBAIXZ 0000000180034ec0 f i GuContactConvexConvex.obj
 0001:000342b0       ?reset@SeparatingAxes@Gu@physx@@QEAAXXZ 00000001800352b0 f i GuContactConvexConvex.obj
 0001:000342c0       ?transformPlaneToShapeSpace@FastVertex2ShapeScaling@Cm@physx@@QEBAXAEBVPxVec3@3@MAEAV43@AEAM@Z 00000001800352c0 f i GuContactConvexConvex.obj
 0001:000343f0       ?contactBoxMesh@Gu@physx@@YA_NAEBVGeometryUnion@12@0AEBVPxTransform@2@1AEBUNarrowPhaseParams@12@AEAUCache@12@AEAVContactBuffer@12@PEAVRenderOutput@Cm@2@@Z 00000001800353f0 f   GuContactConvexMesh.obj
 0001:000345b0       ?contactConvexMesh@Gu@physx@@YA_NAEBVGeometryUnion@12@0AEBVPxTransform@2@1AEBUNarrowPhaseParams@12@AEAUCache@12@AEAVContactBuffer@12@PEAVRenderOutput@Cm@2@@Z 00000001800355b0 f   GuContactConvexMesh.obj
 0001:00034760       ?contactBoxHeightfield@Gu@physx@@YA_NAEBVGeometryUnion@12@0AEBVPxTransform@2@1AEBUNarrowPhaseParams@12@AEAUCache@12@AEAVContactBuffer@12@PEAVRenderOutput@Cm@2@@Z 0000000180035760 f   GuContactConvexMesh.obj
 0001:000348d0       ?contactConvexHeightfield@Gu@physx@@YA_NAEBVGeometryUnion@12@0AEBVPxTransform@2@1AEBUNarrowPhaseParams@12@AEAUCache@12@AEAVContactBuffer@12@PEAVRenderOutput@Cm@2@@Z 00000001800358d0 f   GuContactConvexMesh.obj
 0001:00034b90       ??0?$InlineArray@I$0EEA@VNamedAllocator@shdfnd@physx@@@shdfnd@physx@@QEAA@AEBVNamedAllocator@12@@Z 0000000180035b90 f i GuContactConvexMesh.obj
 0001:00034cb0       ??0CachedEdge@Gu@physx@@QEAA@XZ 0000000180035cb0 f i GuContactConvexMesh.obj
 0001:00034cc0       ??0CachedVertex@Gu@physx@@QEAA@XZ 0000000180035cc0 f i GuContactConvexMesh.obj
 0001:00035330       ??_EConvexMeshContactGenerationCallback@@UEAAPEAXI@Z 0000000180036330 f i GuContactConvexMesh.obj
 0001:00035330       ??_GConvexMeshContactGenerationCallback@@UEAAPEAXI@Z 0000000180036330 f i GuContactConvexMesh.obj
 0001:00035370       ??_GConvexVsHeightfieldContactGenerationCallback@?A0x63d6c2f4@@UEAAPEAXI@Z 0000000180036370 f i GuContactConvexMesh.obj
 0001:00035370       ??_EConvexVsHeightfieldContactGenerationCallback@?A0x63d6c2f4@@UEAAPEAXI@Z 0000000180036370 f i GuContactConvexMesh.obj
 0001:000353b0       ?addData@?$CacheMap@UCachedEdge@Gu@physx@@$0IA@@Gu@physx@@QEAA_NAEBUCachedEdge@23@@Z 00000001800363b0 f i GuContactConvexMesh.obj
 0001:000354e0       ?addData@?$CacheMap@UCachedVertex@Gu@physx@@$0IA@@Gu@physx@@QEAA_NAEBUCachedVertex@23@@Z 00000001800364e0 f i GuContactConvexMesh.obj
 0001:000355a0       ?allocate@?$Array@IV?$InlineAllocator@$0BBAA@VNamedAllocator@shdfnd@physx@@@shdfnd@physx@@@shdfnd@physx@@IEAAPEAII@Z 00000001800365a0 f i GuContactConvexMesh.obj
 0001:00039b60       ?processHit@ConvexMeshContactGenerationCallback@@UEAA_NAEBUPxRaycastHit@physx@@AEBVPxVec3@3@11AEAMPEBI@Z 000000018003ab60 f i GuContactConvexMesh.obj
 0001:0003a5f0       ?recreate@?$Array@IV?$InlineAllocator@$0BBAA@VNamedAllocator@shdfnd@physx@@@shdfnd@physx@@@shdfnd@physx@@IEAAXI@Z 000000018003b5f0 f i GuContactConvexMesh.obj
 0001:0003ba80       ?contactPlaneBox@Gu@physx@@YA_NAEBVGeometryUnion@12@0AEBVPxTransform@2@1AEBUNarrowPhaseParams@12@AEAUCache@12@AEAVContactBuffer@12@PEAVRenderOutput@Cm@2@@Z 000000018003ca80 f   GuContactPlaneBox.obj
 0001:0003caf0       ?contactPlaneCapsule@Gu@physx@@YA_NAEBVGeometryUnion@12@0AEBVPxTransform@2@1AEBUNarrowPhaseParams@12@AEAUCache@12@AEAVContactBuffer@12@PEAVRenderOutput@Cm@2@@Z 000000018003daf0 f   GuContactPlaneCapsule.obj
 0001:0003d2a0       ?contactPlaneConvex@Gu@physx@@YA_NAEBVGeometryUnion@12@0AEBVPxTransform@2@1AEBUNarrowPhaseParams@12@AEAUCache@12@AEAVContactBuffer@12@PEAVRenderOutput@Cm@2@@Z 000000018003e2a0 f   GuContactPlaneConvex.obj
 0001:0003dd70       ?findRotationMatrixFromZ@Gu@physx@@YA?AVPxMat33@2@AEBVPxVec3@2@@Z 000000018003ed70 f   GuContactPolygonPolygon.obj
 0001:0003e050       ?contactPolygonPolygonExt@Gu@physx@@YA_NIPEBVPxVec3@2@PEBEAEBVMatrix34@Cm@2@AEBVPxPlane@2@AEBVPxMat33@2@I01234AEBV32@22IIAEAVContactBuffer@12@_N5M@Z 000000018003f050 f   GuContactPolygonPolygon.obj
 0001:00041e80       ?contactSphereBox@Gu@physx@@YA_NAEBVGeometryUnion@12@0AEBVPxTransform@2@1AEBUNarrowPhaseParams@12@AEAUCache@12@AEAVContactBuffer@12@PEAVRenderOutput@Cm@2@@Z 0000000180042e80 f   GuContactSphereBox.obj
 0001:00042590       ?contactSphereCapsule@Gu@physx@@YA_NAEBVGeometryUnion@12@0AEBVPxTransform@2@1AEBUNarrowPhaseParams@12@AEAUCache@12@AEAVContactBuffer@12@PEAVRenderOutput@Cm@2@@Z 0000000180043590 f   GuContactSphereCapsule.obj
 0001:00042930       ?distancePointSegmentSquared@Gu@physx@@YAMAEBVSegment@12@AEBVPxVec3@2@PEAM@Z 0000000180043930 f i GuContactSphereCapsule.obj
 0001:00042ab0       ?contactSphereMesh@Gu@physx@@YA_NAEBVGeometryUnion@12@0AEBVPxTransform@2@1AEBUNarrowPhaseParams@12@AEAUCache@12@AEAVContactBuffer@12@PEAVRenderOutput@Cm@2@@Z 0000000180043ab0 f   GuContactSphereMesh.obj
 0001:00042ef0       ?contactSphereHeightfield@Gu@physx@@YA_NAEBVGeometryUnion@12@0AEBVPxTransform@2@1AEBUNarrowPhaseParams@12@AEAUCache@12@AEAVContactBuffer@12@PEAVRenderOutput@Cm@2@@Z 0000000180043ef0 f   GuContactSphereMesh.obj
 0001:00043360       ??$smallSort@USortKey@@$$CBU?$Less@USortKey@@@shdfnd@physx@@@internal@shdfnd@physx@@YAXPEAUSortKey@@HHAEBU?$Less@USortKey@@@12@@Z 0000000180044360 f i GuContactSphereMesh.obj
 0001:000435b0       ??$sort@USortKey@@U?$Less@USortKey@@@shdfnd@physx@@VNullAllocator@?A0x996ceee0@@@shdfnd@physx@@YAXPEAUSortKey@@IAEBU?$Less@USortKey@@@01@AEBVNullAllocator@?A0x996ceee0@@I@Z 00000001800445b0 f i GuContactSphereMesh.obj
 0001:00043900       ??0TriangleData@@QEAA@XZ   0000000180044900 f i GuContactSphereMesh.obj
 0001:00043990       ??_GSphereHeightfieldContactGenerationCallback@?A0x996ceee0@@UEAAPEAXI@Z 0000000180044990 f i GuContactSphereMesh.obj
 0001:00043990       ??_ESphereHeightfieldContactGenerationCallback@?A0x996ceee0@@UEAAPEAXI@Z 0000000180044990 f i GuContactSphereMesh.obj
 0001:000439d0       ??_GSphereMeshContactGenerationCallback_NoScale@?A0x996ceee0@@UEAAPEAXI@Z 00000001800449d0 f i GuContactSphereMesh.obj
 0001:000439d0       ??_ESphereMeshContactGenerationCallback_NoScale@?A0x996ceee0@@UEAAPEAXI@Z 00000001800449d0 f i GuContactSphereMesh.obj
 0001:00043a30       ??_ESphereMeshContactGenerationCallback_Scale@?A0x996ceee0@@UEAAPEAXI@Z 0000000180044a30 f i GuContactSphereMesh.obj
 0001:00043a30       ??_GSphereMeshContactGenerationCallback_Scale@?A0x996ceee0@@UEAAPEAXI@Z 0000000180044a30 f i GuContactSphereMesh.obj
 0001:000457b0       ?contactSpherePlane@Gu@physx@@YA_NAEBVGeometryUnion@12@0AEBVPxTransform@2@1AEBUNarrowPhaseParams@12@AEAUCache@12@AEAVContactBuffer@12@PEAVRenderOutput@Cm@2@@Z 00000001800467b0 f   GuContactSpherePlane.obj
 0001:00045a10       ?contactSphereSphere@Gu@physx@@YA_NAEBVGeometryUnion@12@0AEBVPxTransform@2@1AEBUNarrowPhaseParams@12@AEAUCache@12@AEAVContactBuffer@12@PEAVRenderOutput@Cm@2@@Z 0000000180046a10 f   GuContactSphereSphere.obj
 0001:00045bd0       ?selectNormal@Gu@physx@@YA_NEMM@Z 0000000180046bd0 f   GuFeatureCode.obj
 0001:00045d10       ?legacyContactBoxHeightfield@Gu@physx@@YA_NAEBVGeometryUnion@12@0AEBVPxTransform@2@1AEBUNarrowPhaseParams@12@AEAUCache@12@AEAVContactBuffer@12@PEAVRenderOutput@Cm@2@@Z 0000000180046d10 f   GuLegacyContactBoxHeightField.obj
 0001:00047f70       ??$traceSegment@UGuContactTraceSegmentCallback@Gu@physx@@$00$0A@@HeightFieldUtil@Gu@physx@@QEBAXAEBVPxVec3@2@0MPEAUGuContactTraceSegmentCallback@12@AEBVPxBounds3@2@_NPEBV32@@Z 0000000180048f70 f i GuLegacyContactBoxHeightField.obj
 0001:00048fb0       ?underFaceHit@GuContactTraceSegmentCallback@Gu@physx@@QEAA_NAEBVHeightFieldUtil@23@AEBVPxVec3@3@1MMMI@Z 0000000180049fb0 f i GuLegacyContactBoxHeightField.obj
 0001:00049420       ?legacyContactCapsuleHeightfield@Gu@physx@@YA_NAEBVGeometryUnion@12@0AEBVPxTransform@2@1AEBUNarrowPhaseParams@12@AEAUCache@12@AEAVContactBuffer@12@PEAVRenderOutput@Cm@2@@Z 000000018004a420 f   GuLegacyContactCapsuleHeightField.obj
 0001:0004bae0       ?getEdgeTriangleIndices@HeightField@Gu@physx@@QEBAIIQEAI@Z 000000018004cae0 f i GuLegacyContactCapsuleHeightField.obj
 0001:0004bc50       ?legacyContactConvexHeightfield@Gu@physx@@YA_NAEBVGeometryUnion@12@0AEBVPxTransform@2@1AEBUNarrowPhaseParams@12@AEAUCache@12@AEAVContactBuffer@12@PEAVRenderOutput@Cm@2@@Z 000000018004cc50 f   GuLegacyContactConvexHeightField.obj
 0001:0004e6f0       ?legacyContactSphereHeightfield@Gu@physx@@YA_NAEBVGeometryUnion@12@0AEBVPxTransform@2@1AEBUNarrowPhaseParams@12@AEAUCache@12@AEAVContactBuffer@12@PEAVRenderOutput@Cm@2@@Z 000000018004f6f0 f   GuLegacyContactSphereHeightField.obj
 0001:0004e740       ?GuContactSphereHeightFieldShared@@YA_NAEBVGeometryUnion@Gu@physx@@0AEBVPxTransform@3@1AEBUNarrowPhaseParams@23@AEAUCache@23@AEAVContactBuffer@23@PEAVRenderOutput@Cm@3@_N@Z 000000018004f740 f   GuLegacyContactSphereHeightField.obj
 0001:00050550       ?barycentricCoordinates@Gu@physx@@YAXAEBT__m128@@00AEAT3@@Z 0000000180051550 f   GuBarycentricCoordinates.obj
 0001:000505b0       ?barycentricCoordinates@Gu@physx@@YAXAEBT__m128@@000AEAT3@1@Z 00000001800515b0 f   GuBarycentricCoordinates.obj
 0001:00050740       ?barycentricCoordinates@Gu@physx@@YAXAEBT__m128@@00AEAT3@1@Z 0000000180051740 f   GuBarycentricCoordinates.obj
 0001:00050900       ?addAxis@SeparatingAxes@Gu@physx@@QEAA_NAEBVPxVec3@3@@Z 0000000180051900 f   GuSeparatingAxes.obj
 0001:000509f0       ??0BigConvexData@physx@@QEAA@XZ 00000001800519f0 f   GuBigConvexData.obj
 0001:00050a20       ??1BigConvexData@physx@@QEAA@XZ 0000000180051a20 f   GuBigConvexData.obj
 0001:00050ab0       ?Load@BigConvexData@physx@@QEAA_NAEAVPxInputStream@2@@Z 0000000180051ab0 f   GuBigConvexData.obj
 0001:00050bc0       ?ComputeOffset@BigConvexData@physx@@QEBAIAEBVPxVec3@2@@Z 0000000180051bc0 f   GuBigConvexData.obj
 0001:00050be0       ?ComputeNearestOffset@BigConvexData@physx@@QEBAIAEBVPxVec3@2@@Z 0000000180051be0 f   GuBigConvexData.obj
 0001:00050c00       ?exportExtraData@BigConvexData@physx@@QEAAXAEAVPxSerializationContext@2@@Z 0000000180051c00 f   GuBigConvexData.obj
 0001:00050c80       ?importExtraData@BigConvexData@physx@@QEAAXAEAVPxDeserializationContext@2@@Z 0000000180051c80 f   GuBigConvexData.obj
 0001:00050d00       ?CreateOffsets@BigConvexData@physx@@IEAAXXZ 0000000180051d00 f   GuBigConvexData.obj
 0001:00050d50       ?VLoad@BigConvexData@physx@@IEAA_NAEAVPxInputStream@2@@Z 0000000180051d50 f   GuBigConvexData.obj
 0001:00051030       ??0BigConvexData@physx@@QEAA@W4PxEMPTY@1@@Z 0000000180052030 f i GuBigConvexData.obj
 0001:00051040       ??4BigConvexData@physx@@QEAAAEAV01@AEBV01@@Z 0000000180052040 f i GuBigConvexData.obj
 0001:00051060       ?ComputeCubemapOffset@physx@@YAIAEBVPxVec3@1@I@Z 0000000180052060 f i GuBigConvexData.obj
 0001:00051190       ?GetAdjacentVerts@BigConvexData@physx@@QEBAPEBEXZ 0000000180052190 f i GuBigConvexData.obj
 0001:000511a0       ?GetNbNeighbors@BigConvexData@physx@@QEBAGI@Z 00000001800521a0 f i GuBigConvexData.obj
 0001:000511b0       ?GetNbSamples@BigConvexData@physx@@QEBAIXZ 00000001800521b0 f i GuBigConvexData.obj
 0001:000511c0       ?GetNbVerts@BigConvexData@physx@@QEBAIXZ 00000001800521c0 f i GuBigConvexData.obj
 0001:000511d0       ?GetNeighbors@BigConvexData@physx@@QEBAPEBEI@Z 00000001800521d0 f i GuBigConvexData.obj
 0001:000511f0       ?GetOffset@BigConvexData@physx@@QEBAGI@Z 00000001800521f0 f i GuBigConvexData.obj
 0001:00051200       ?GetSubdiv@BigConvexData@physx@@QEBAIXZ 0000000180052200 f i GuBigConvexData.obj
 0001:00051210       ?GetValencies@BigConvexData@physx@@QEBAPEBUValency@Gu@2@XZ 0000000180052210 f i GuBigConvexData.obj
 0001:00051220       ?GetValency@BigConvexData@physx@@QEBAGI@Z 0000000180052220 f i GuBigConvexData.obj
 0001:00051230       ?__global_array_delete@@YAXPEAX@Z 0000000180052230 f i GuBigConvexData.obj
 0001:00051240       ?__global_array_delete@@YAXPEAX_K@Z 0000000180052240 f i GuBigConvexData.obj
 0001:00051250       ?__global_delete@@YAXPEAX@Z 0000000180052250 f i GuBigConvexData.obj
 0001:00051260       ?__global_delete@@YAXPEAX_K@Z 0000000180052260 f i GuBigConvexData.obj
 0001:00051270       ?getScaledConvex@Gu@physx@@YAXAEAPEAVPxVec3@2@AEAPEAEPEAV32@PEAE_NPEBV32@PEBEIAEBVFastVertex2ShapeScaling@Cm@2@@Z 0000000180052270 f   GuConvexHelper.obj
 0001:000513d0       ?getConvexData@Gu@physx@@YA_NAEBVGeometryUnion@12@AEAVFastVertex2ShapeScaling@Cm@2@AEAVPxBounds3@2@AEAUPolygonalData@12@@Z 00000001800523d0 f   GuConvexHelper.obj
 0001:00051610       ?findUniqueConvexEdges@Gu@physx@@YAIIPEIAUConvexEdge@12@IPEIBUHullPolygonData@12@PEIBE@Z 0000000180052610 f   GuConvexHelper.obj
 0001:00051880       ?exportExtraData@ConvexMesh@Gu@physx@@UEAAXAEAVPxSerializationContext@3@@Z 0000000180052880 f   GuConvexMesh.obj
 0001:00051950       ?importExtraData@ConvexMesh@Gu@physx@@QEAAXAEAVPxDeserializationContext@3@@Z 0000000180052950 f   GuConvexMesh.obj
 0001:00051a10       ?onRefCountZero@ConvexMesh@Gu@physx@@UEAAXXZ 0000000180052a10 f   GuConvexMesh.obj
 0001:00051b10       ?createObject@ConvexMesh@Gu@physx@@SAPEAV123@AEAPEAEAEAVPxDeserializationContext@3@@Z 0000000180052b10 f   GuConvexMesh.obj
 0001:00051b90       ??0ConvexMesh@Gu@physx@@QEAA@XZ 0000000180052b90 f   GuConvexMesh.obj
 0001:00051c50       ??0ConvexMesh@Gu@physx@@QEAA@AEAVGuMeshFactory@2@AEAUConvexHullData@12@@Z 0000000180052c50 f   GuConvexMesh.obj
 0001:00051d60       ?load@ConvexMesh@Gu@physx@@QEAA_NAEAVPxInputStream@3@@Z 0000000180052d60 f   GuConvexMesh.obj
 0001:000520b0       ?release@ConvexMesh@Gu@physx@@UEAAXXZ 00000001800530b0 f   GuConvexMesh.obj
 0001:000520f0       ?getPolygonData@ConvexMesh@Gu@physx@@UEBA_NIAEAUPxHullPolygon@3@@Z 00000001800530f0 f   GuConvexMesh.obj
 0001:00052140       ?isGpuCompatible@ConvexMesh@Gu@physx@@UEBA_NXZ 0000000180053140 f   GuConvexMesh.obj
 0001:00052170       ?getReferenceCount@ConvexMesh@Gu@physx@@UEBAIXZ 0000000180053170 f   GuConvexMesh.obj
 0001:00052180       ?acquireReference@ConvexMesh@Gu@physx@@UEAAXXZ 0000000180053180 f   GuConvexMesh.obj
 0001:00052190       ?getMassInformation@ConvexMesh@Gu@physx@@UEBAXAEAMAEAVPxMat33@3@AEAVPxVec3@3@@Z 0000000180053190 f   GuConvexMesh.obj
 0001:00052210       ?getLocalBounds@ConvexMesh@Gu@physx@@UEBA?AVPxBounds3@3@XZ 0000000180053210 f   GuConvexMesh.obj
 0001:000522a0       ??1ConvexMesh@Gu@physx@@UEAA@XZ 00000001800532a0 f   GuConvexMesh.obj
 0001:00052ba0       ?notifyReleaseConvexMesh@GuMeshFactory@physx@@MEAAXAEBVPxConvexMesh@2@@Z 0000000180053ba0 f i GuConvexMesh.obj
 0001:00052bb0       ?notifyReleaseHeightField@GuMeshFactory@physx@@MEAAXAEBVPxHeightField@2@@Z 0000000180053bb0 f i GuConvexMesh.obj
 0001:00052bc0       ?notifyReleaseTriangleMesh@GuMeshFactory@physx@@MEAAXAEBVPxTriangleMesh@2@@Z 0000000180053bc0 f i GuConvexMesh.obj
 0001:00052bd0       ?computeHullOBB@Gu@physx@@YAXAEAVBox@12@AEBVPxBounds3@2@MAEBVMatrix34@Cm@2@2AEBVFastVertex2ShapeScaling@62@_N@Z 0000000180053bd0 f   GuConvexUtilsInternal.obj
 0001:00053000       ?computeVertexSpaceOBB@Gu@physx@@YAXAEAVBox@12@AEBV312@AEBVPxTransform@2@AEBVPxMeshScale@2@@Z 0000000180054000 f   GuConvexUtilsInternal.obj
 0001:00053390       ?computeOBBAroundConvex@Gu@physx@@YAXAEAVBox@12@AEBVPxConvexMeshGeometry@2@PEBVPxConvexMesh@2@AEBVPxTransform@2@@Z 0000000180054390 f   GuConvexUtilsInternal.obj
 0001:00054110       ??Dphysx@@YA?AVMatrix34@Cm@0@AEBVPxMeshScale@0@AEBV120@@Z 0000000180055110 f i GuConvexUtilsInternal.obj
 0001:00054900       ?transform@physx@@YA?AVBox@Gu@1@AEBVMatrix34@Cm@1@AEBV231@@Z 0000000180055900 f i GuConvexUtilsInternal.obj
 0001:00054c20       ?localSearch@physx@@YAXAEAIAEBVPxVec3@1@PEBV21@PEBUBigConvexRawData@Gu@1@@Z 0000000180055c20 f   GuHillClimbing.obj
 0001:00054da0       ??0PolygonalBox@Gu@physx@@QEAA@AEBVPxVec3@2@@Z 0000000180055da0 f   GuShapeConvex.obj
 0001:00054fa0       ?getPolygonalData@PolygonalBox@Gu@physx@@QEBAXPEIAUPolygonalData@23@@Z 0000000180055fa0 f   GuShapeConvex.obj
 0001:00055010       ?getPolygonalData_Convex@Gu@physx@@YAXPEIAUPolygonalData@12@PEIBUConvexHullData@12@AEBVFastVertex2ShapeScaling@Cm@2@@Z 0000000180056010 f   GuShapeConvex.obj
 0001:000564f0       ??0HullPolygonData@Gu@physx@@QEAA@XZ 00000001800574f0 f i GuShapeConvex.obj
 0001:00056660       ?distancePointBoxSquared@Gu@physx@@YAMAEBVPxVec3@2@00AEBVPxMat33@2@PEAV32@@Z 0000000180057660 f   GuDistancePointBox.obj
 0001:00056800       ?closestPtPointTriangle@Gu@physx@@YA?AVPxVec3@2@AEBV32@000AEAM1@Z 0000000180057800 f   GuDistancePointTriangle.obj
 0001:00056d10       ?distancePointTriangleSquared@Gu@physx@@YA?AT__m128@@AEBT3@000AEAT3@11@Z 0000000180057d10 f   GuDistancePointTriangle.obj
 0001:00057380       ?distanceSegmentBoxSquared@Gu@physx@@YAMAEBVPxVec3@2@000AEBVPxMat33@2@PEAMPEAV32@@Z 0000000180058380 f   GuDistanceSegmentBox.obj
 0001:00058af0       ?distanceSegmentSegmentSquared@Gu@physx@@YAMAEBVPxVec3@2@0M00MPEAM1@Z 0000000180059af0 f   GuDistanceSegmentSegment.obj
 0001:000592f0       ?distanceSegmentSegmentSquared@Gu@physx@@YAMAEBVPxVec3@2@000PEAM1@Z 000000018005a2f0 f   GuDistanceSegmentSegment.obj
 0001:00059590       ?distanceSegmentSegmentSquared@Gu@physx@@YA?AT__m128@@AEBT3@000AEAT3@1@Z 000000018005a590 f   GuDistanceSegmentSegment.obj
 0001:000597a0       ?distanceSegmentSegmentSquared4@Gu@physx@@YA?AT__m128@@AEBT3@000000000AEAT3@1@Z 000000018005a7a0 f   GuDistanceSegmentSegment.obj
 0001:00059f20       ?distanceSegmentTriangleSquared@Gu@physx@@YAMAEBVPxVec3@2@0000PEAM11@Z 000000018005af20 f   GuDistanceSegmentTriangle.obj
 0001:0005b590       ?distanceSegmentTriangleSquared@Gu@physx@@YA?AT__m128@@AEBT3@0000AEAT3@1@Z 000000018005c590 f   GuDistanceSegmentTriangle.obj
 0001:0005c4f0       ?sweepBoxBox@Gu@physx@@YA_NAEBVBox@12@0AEBVPxVec3@2@MV?$PxFlags@W4Enum@PxHitFlag@physx@@G@2@AEAUPxSweepHit@2@@Z 000000018005d4f0 f   GuSweepBoxBox.obj
 0001:0005e140       ?sweepBoxSphere@Gu@physx@@YA_NAEBVBox@12@MAEBVPxVec3@2@1MAEAMAEAV42@V?$PxFlags@W4Enum@PxHitFlag@physx@@G@2@@Z 000000018005f140 f   GuSweepBoxSphere.obj
 0001:0005edd0       ?sweepBoxTriangle@Gu@physx@@YA_NAEBVPxTriangle@2@AEBVPxBounds3@2@AEBVPxVec3@2@2AEAV52@3AEAM_N@Z 000000018005fdd0 f   GuSweepBoxTriangle_FeatureBased.obj
 0001:00060a30       ?triBoxSweepTestBoxSpace@Gu@physx@@YAHAEBVPxTriangle@2@AEBVPxVec3@2@11MAEAM_N@Z 0000000180061a30 f   GuSweepBoxTriangle_SAT.obj
 0001:000616f0       ?sweepCapsuleBox@Gu@physx@@YA_NAEBVCapsule@12@AEBVPxTransform@2@AEBVPxVec3@2@2MAEAV52@AEAM3V?$PxFlags@W4Enum@PxHitFlag@physx@@G@2@@Z 00000001800626f0 f   GuSweepCapsuleBox.obj
 0001:00061b60       ??0PxTriangle@physx@@QEAA@XZ 0000000180062b60 f i GuSweepCapsuleBox.obj
 0001:00061b70       ??1PxTriangle@physx@@QEAA@XZ 0000000180062b70 f i GuSweepCapsuleBox.obj
 0001:00062fa0       ?sweepCapsuleCapsule@Gu@physx@@YA_NAEBVCapsule@12@0AEBVPxVec3@2@MAEAMAEAV42@3IAEAG@Z 0000000180063fa0 f   GuSweepCapsuleCapsule.obj
 0001:00064110       ??0Capsule@Gu@physx@@QEAA@XZ 0000000180065110 f i GuSweepCapsuleCapsule.obj
 0001:00064120       ??1Capsule@Gu@physx@@QEAA@XZ 0000000180065120 f i GuSweepCapsuleCapsule.obj
 0001:00064480       ?sweepCapsuleTriangles_Precise@Gu@physx@@YA_NIPEIBVPxTriangle@2@AEBVCapsule@12@AEBVPxVec3@2@MPEIBIAEAUPxSweepHit@2@AEAV52@V?$PxFlags@W4Enum@PxHitFlag@physx@@G@2@_NPEBVBoxPadded@12@@Z 0000000180065480 f   GuSweepCapsuleTriangle.obj
 0001:00066cc0       ?sweepSphereCapsule@Gu@physx@@YA_NAEBVSphere@12@AEBVCapsule@12@AEBVPxVec3@2@MAEAMAEAV52@4V?$PxFlags@W4Enum@PxHitFlag@physx@@G@2@@Z 0000000180067cc0 f   GuSweepSphereCapsule.obj
 0001:000674e0       ?sweepSphereSphere@Gu@physx@@YA_NAEBVPxVec3@2@M0M0AEAMAEAV32@@Z 00000001800684e0 f   GuSweepSphereSphere.obj
 0001:00067980       ?sweepSphereVSTri@Gu@physx@@YA_NPEIBVPxVec3@2@AEBV32@1M1AEAMAEA_N_N@Z 0000000180068980 f   GuSweepSphereTriangle.obj
 0001:000687f0       ?sweepSphereVSQuad@Gu@physx@@YA_NPEIBVPxVec3@2@AEBV32@1M1AEAM@Z 00000001800697f0 f   GuSweepSphereTriangle.obj
 0001:00069c00       ?sweepSphereTriangles@Gu@physx@@YA_NIPEIBVPxTriangle@2@AEBVPxVec3@2@M1MPEIBIAEAUPxSweepHit@2@AEAV42@_N555@Z 000000018006ac00 f   GuSweepSphereTriangle.obj
 0001:0006af40       ?computeSphereTriImpactData@Gu@physx@@YAXAEAVPxVec3@2@0AEBV32@1MAEBVPxTriangle@2@@Z 000000018006bf40 f   GuSweepTriangleUtils.obj
 0001:0006b1d0       ?computeBoxTriImpactData@Gu@physx@@YAXAEAVPxVec3@2@0AEBV32@1AEBVPxTriangle@2@M@Z 000000018006c1d0 f   GuSweepTriangleUtils.obj
 0001:0006b4f0       ?computeEdgeEdgeNormal@Gu@physx@@YAXAEAVPxVec3@2@AEBV32@1111M@Z 000000018006c4f0 f   GuSweepTriangleUtils.obj
 0001:0006b9e0       ??$gjk@U?$LocalConvex@VTriangleV@Gu@physx@@@Gu@physx@@U?$LocalConvex@VBoxV@Gu@physx@@@23@@Gu@physx@@YA?AW4GjkStatus@01@AEBU?$LocalConvex@VTriangleV@Gu@physx@@@01@AEBU?$LocalConvex@VBoxV@Gu@physx@@@01@AEBT__m128@@2AEAT5@333@Z 000000018006c9e0 f i GuSweepTriangleUtils.obj
 0001:0006cb60       ??_G?$LocalConvex@VBoxV@Gu@physx@@@Gu@physx@@UEAAPEAXI@Z 000000018006db60 f i GuSweepTriangleUtils.obj
 0001:0006cb60       ??_E?$LocalConvex@VBoxV@Gu@physx@@@Gu@physx@@UEAAPEAXI@Z 000000018006db60 f i GuSweepTriangleUtils.obj
 0001:0006cba0       ??_G?$LocalConvex@VTriangleV@Gu@physx@@@Gu@physx@@UEAAPEAXI@Z 000000018006dba0 f i GuSweepTriangleUtils.obj
 0001:0006cba0       ??_E?$LocalConvex@VTriangleV@Gu@physx@@@Gu@physx@@UEAAPEAXI@Z 000000018006dba0 f i GuSweepTriangleUtils.obj
 0001:0006cbe0       ?getCenter@?$LocalConvex@VBoxV@Gu@physx@@@Gu@physx@@UEBA?AT__m128@@XZ 000000018006dbe0 f i GuSweepTriangleUtils.obj
 0001:0006cc00       ?getCenter@?$LocalConvex@VTriangleV@Gu@physx@@@Gu@physx@@UEBA?AT__m128@@XZ 000000018006dc00 f i GuSweepTriangleUtils.obj
 0001:0006cc20       ?getSweepMargin@?$LocalConvex@VBoxV@Gu@physx@@@Gu@physx@@UEBA?AT__m128@@XZ 000000018006dc20 f i GuSweepTriangleUtils.obj
 0001:0006cc50       ?getSweepMargin@?$LocalConvex@VTriangleV@Gu@physx@@@Gu@physx@@UEBA?AT__m128@@XZ 000000018006dc50 f i GuSweepTriangleUtils.obj
 0001:0006cfc0       ?support@?$LocalConvex@VBoxV@Gu@physx@@@Gu@physx@@UEBA?AT__m128@@AEBT4@@Z 000000018006dfc0 f i GuSweepTriangleUtils.obj
 0001:0006d000       ?support@?$LocalConvex@VBoxV@Gu@physx@@@Gu@physx@@UEBA?AT__m128@@AEBT4@AEAHPEAT4@@Z 000000018006e000 f i GuSweepTriangleUtils.obj
 0001:0006d040       ?support@?$LocalConvex@VTriangleV@Gu@physx@@@Gu@physx@@UEBA?AT__m128@@AEBT4@@Z 000000018006e040 f i GuSweepTriangleUtils.obj
 0001:0006d0f0       ?support@?$LocalConvex@VTriangleV@Gu@physx@@@Gu@physx@@UEBA?AT__m128@@AEBT4@AEAHPEAT4@@Z 000000018006e0f0 f i GuSweepTriangleUtils.obj
 0001:0006d240       ?supportPoint@?$LocalConvex@VBoxV@Gu@physx@@@Gu@physx@@UEBA?AT__m128@@HPEAT4@@Z 000000018006e240 f i GuSweepTriangleUtils.obj
 0001:0006d280       ?supportPoint@?$LocalConvex@VTriangleV@Gu@physx@@@Gu@physx@@UEBA?AT__m128@@HPEAT4@@Z 000000018006e280 f i GuSweepTriangleUtils.obj
 0001:0006d2a0       ?epaPenetration@Gu@physx@@YA?AW4GjkStatus@12@AEBUGjkConvex@12@0PEIAE1EAEAT__m128@@222_N@Z 000000018006e2a0 f   GuEPA.obj
 0001:0006e320       ?isValid2@Facet@Gu@physx@@QEAA?AT__m128@@IIIPEIBT4@0AEBT4@@Z 000000018006f320 f   GuEPA.obj
 0001:0006e440       ?silhouette@Facet@Gu@physx@@QEAAXAEBT__m128@@PEIBT4@1AEAVEdgeBuffer@23@AEAV?$InlineDeferredIDPool@$0EA@@Cm@3@@Z 000000018006f440 f   GuEPA.obj
 0001:0006e610       ?PenetrationDepth@EPA@Gu@physx@@QEAA?AW4GjkStatus@23@AEBUGjkConvex@23@0PEIBT__m128@@11HAEAT6@222_N@Z 000000018006f610 f   GuEPA.obj
 0001:0006ee80       ?expandPoint@EPA@Gu@physx@@QEAA_NAEBUGjkConvex@23@0AEAHAEBT__m128@@@Z 000000018006fe80 f   GuEPA.obj
 0001:0006ef70       ?expandSegment@EPA@Gu@physx@@QEAA_NAEBUGjkConvex@23@0AEAHAEBT__m128@@@Z 000000018006ff70 f   GuEPA.obj
 0001:0006f0c0       ?expandTriangle@EPA@Gu@physx@@QEAA_NAEAHAEBT__m128@@@Z 00000001800700c0 f   GuEPA.obj
 0001:0006f170       ?addFacet@EPA@Gu@physx@@QEAAPEAVFacet@23@IIIAEBT__m128@@@Z 0000000180070170 f   GuEPA.obj
 0001:0006faa0       ??0Edge@Gu@physx@@QEAA@XZ  0000000180070aa0 f i GuEPA.obj
 0001:0006fab0       ??0Facet@Gu@physx@@QEAA@XZ 0000000180070ab0 f i GuEPA.obj
 0001:0006fea0       ?closestPtPointTetrahedron@Gu@physx@@YA?AT__m128@@PEIAT3@00AEAI@Z 0000000180070ea0 f   GuGJKSimplex.obj
 0001:00070760       ?closestPtPointTetrahedron@Gu@physx@@YA?AT__m128@@PEIAT3@00PEIAH1AEAI@Z 0000000180071760 f   GuGJKSimplex.obj
 0001:00072cc0       ?testGjk@Gu@physx@@YA?AW4GjkStatus@12@AEAUGjkConvex@12@0AEBT__m128@@1AEAT5@222@Z 0000000180073cc0 f   GuGJKTest.obj
 0001:00072cd0       ?testGjkPenetration@Gu@physx@@YA?AW4GjkStatus@12@AEAUGjkConvex@12@0AEBT__m128@@1AEAT5@222@Z 0000000180073cd0 f   GuGJKTest.obj
 0001:00072d60       ?testGjkPenetration@Gu@physx@@YA?AW4GjkStatus@12@AEAUGjkConvex@12@0AEBT__m128@@1AEAT5@222PEAE3E@Z 0000000180073d60 f   GuGJKTest.obj
 0001:00072df0       ?testEpaPenetration@Gu@physx@@YA?AW4GjkStatus@12@AEAUGjkConvex@12@0AEAT__m128@@111@Z 0000000180073df0 f   GuGJKTest.obj
 0001:00072e60       ?testEpaPenetration@Gu@physx@@YA?AW4GjkStatus@12@AEAUGjkConvex@12@0AEAT__m128@@111PEAE2E@Z 0000000180073e60 f   GuGJKTest.obj
 0001:00072ee0       ?testGjkRaycast@Gu@physx@@YA_NAEAUGjkConvex@12@0AEBT__m128@@111AEAT4@22M@Z 0000000180073ee0 f   GuGJKTest.obj
 0001:00072f70       ??$gjk@UGjkConvex@Gu@physx@@U123@@Gu@physx@@YA?AW4GjkStatus@01@AEBUGjkConvex@01@0AEBT__m128@@1AEAT4@222@Z 0000000180073f70 f i GuGJKTest.obj
 0001:00074030       ??$gjkPenetration@UGjkConvex@Gu@physx@@U123@@Gu@physx@@YA?AW4GjkStatus@01@AEBUGjkConvex@01@0AEBT__m128@@1AEAT4@222PEIAE3AEAE_N@Z 0000000180075030 f i GuGJKTest.obj
 0001:00075ec0       ??$gjkRaycast@UGjkConvex@Gu@physx@@U123@@Gu@physx@@YA_NAEBUGjkConvex@01@0AEBT__m128@@111AEAT3@22M@Z 0000000180076ec0 f i GuGJKTest.obj
 0001:00076f00       ?intersectOBBOBB@Gu@physx@@YA_NAEBVPxVec3@2@0AEBVPxMat33@2@001_N@Z 0000000180077f00 f   GuIntersectionBoxBox.obj
 0001:00077740       ?intersectCapsuleTriangle@Gu@physx@@YA_NAEBVPxVec3@2@000AEBVCapsule@12@AEBUCapsuleTriangleOverlapData@12@@Z 0000000180078740 f   GuIntersectionCapsuleTriangle.obj
 0001:000785e0       ?intersectEdgeEdge@Gu@physx@@YA_NAEBVPxVec3@2@0000AEAMAEAV32@@Z 00000001800795e0 f   GuIntersectionEdgeEdge.obj
 0001:000789e0       ?rayAABBIntersect@Gu@physx@@YA_NAEBVPxVec3@2@000AEAV32@@Z 00000001800799e0 f   GuIntersectionRayBox.obj
 0001:00078be0       ?rayAABBIntersect2@Gu@physx@@YAIAEBVPxVec3@2@000AEAV32@AEAM@Z 0000000180079be0 f   GuIntersectionRayBox.obj
 0001:00078df0       ?intersectRayAABB@Gu@physx@@YAHAEBVPxVec3@2@000AEAM1@Z 0000000180079df0 f   GuIntersectionRayBox.obj
 0001:00078f10       ?intersectRayAABB@Gu@physx@@YAHAEBVPxVec3@2@0000AEAM1@Z 0000000180079f10 f   GuIntersectionRayBox.obj
 0001:000790d0       ?intersectRayAABB2@Gu@physx@@YA_NAEBVPxVec3@2@000MAEAM1@Z 000000018007a0d0 f   GuIntersectionRayBox.obj
 0001:00079290       ?intersectRayAABB2@Gu@physx@@YA_NAEBT__m128@@0000AEAT3@1@Z 000000018007a290 f   GuIntersectionRayBox.obj
 0001:000795c0       ?intersectRayCapsuleInternal@Gu@physx@@YAIAEBVPxVec3@2@000MQEAM@Z 000000018007a5c0 f   GuIntersectionRayCapsule.obj
 0001:0007a060       ?intersectRaySphereBasic@Gu@physx@@YA_NAEBVPxVec3@2@0M0MAEAMPEAV32@@Z 000000018007b060 f   GuIntersectionRaySphere.obj
 0001:0007a1c0       ?intersectRaySphere@Gu@physx@@YA_NAEBVPxVec3@2@0M0MAEAMPEAV32@@Z 000000018007b1c0 f   GuIntersectionRaySphere.obj
 0001:0007a370       ?intersectSphereBox@Gu@physx@@YA_NAEBVSphere@12@AEBVBox@12@@Z 000000018007b370 f   GuIntersectionSphereBox.obj
 0001:0007a5e0       ?intersectTriangleBox_ReferenceCode@Gu@physx@@YAHAEBVPxVec3@2@0000@Z 000000018007b5e0 f   GuIntersectionTriangleBox.obj
 0001:0007ae00       ?intersectTriangleBox_Unsafe@Gu@physx@@YAHAEBVPxVec3@2@0000@Z 000000018007be00 f   GuIntersectionTriangleBox.obj
 0001:0007b1c0       ?intersectTriangleBox@Gu@physx@@YAHAEBVBoxPadded@12@AEBVPxVec3@2@11@Z 000000018007c1c0 f   GuIntersectionTriangleBox.obj
 0001:0007b710       ?intersectTriangleBoxBV4@@YAHAEBVPxVec3@physx@@00AEBVPxMat33@2@00@Z 000000018007c710 f   GuIntersectionTriangleBox.obj
 0001:0007c0b0       ??0BV32Tree@Gu@physx@@QEAA@W4PxEMPTY@2@@Z 000000018007d0b0 f   GuBV32.obj
 0001:0007c0d0       ?exportExtraData@BV32Tree@Gu@physx@@QEAAXAEAVPxSerializationContext@3@@Z 000000018007d0d0 f   GuBV32.obj
 0001:0007c120       ?importExtraData@BV32Tree@Gu@physx@@QEAAXAEAVPxDeserializationContext@3@@Z 000000018007d120 f   GuBV32.obj
 0001:0007c150       ??0BV32Tree@Gu@physx@@QEAA@XZ 000000018007d150 f   GuBV32.obj
 0001:0007c180       ??0BV32Tree@Gu@physx@@QEAA@PEAVSourceMesh@12@AEBVPxBounds3@2@@Z 000000018007d180 f   GuBV32.obj
 0001:0007c240       ??1BV32Tree@Gu@physx@@QEAA@XZ 000000018007d240 f   GuBV32.obj
 0001:0007c250       ?load@BV32Tree@Gu@physx@@QEAA_NAEAVPxInputStream@3@I@Z 000000018007d250 f   GuBV32.obj
 0001:0007c430       ?calculateLeafNode@BV32Tree@Gu@physx@@QEAAXAEAUBV32Data@23@@Z 000000018007d430 f   GuBV32.obj
 0001:0007c660       ?createSOAformatNode@BV32Tree@Gu@physx@@QEAAXAEAUBV32DataPacked@23@AEBUBV32Data@23@IAEAI2@Z 000000018007d660 f   GuBV32.obj
 0001:0007cad0       ?reset@BV32Tree@Gu@physx@@QEAAXXZ 000000018007dad0 f   GuBV32.obj
 0001:0007caf0       ??4BV32Tree@Gu@physx@@QEAAXAEAV012@@Z 000000018007daf0 f   GuBV32.obj
 0001:0007cb50       ?init@BV32Tree@Gu@physx@@QEAA_NPEAVSourceMesh@23@AEBVPxBounds3@3@@Z 000000018007db50 f   GuBV32.obj
 0001:0007cc00       ?release@BV32Tree@Gu@physx@@QEAAXXZ 000000018007dc00 f   GuBV32.obj
 0001:0007cf80       ?BuildBV32Ex@Gu@physx@@YA_NAEAVBV32Tree@12@AEAVSourceMesh@12@MI@Z 000000018007df80 f   GuBV32Build.obj
 0001:0007d180       ??0BV32Data@Gu@physx@@QEAA@XZ 000000018007e180 f i GuBV32Build.obj
 0001:0007d1c0       ??0BV32Node@@QEAA@XZ       000000018007e1c0 f i GuBV32Build.obj
 0001:0007e330       ??0SourceMesh@Gu@physx@@QEAA@XZ 000000018007f330 f   GuBV4.obj
 0001:0007e360       ??1SourceMesh@Gu@physx@@QEAA@XZ 000000018007f360 f   GuBV4.obj
 0001:0007e3c0       ?reset@SourceMesh@Gu@physx@@QEAAXXZ 000000018007f3c0 f   GuBV4.obj
 0001:0007e3e0       ??4SourceMesh@Gu@physx@@QEAAXAEAV012@@Z 000000018007f3e0 f   GuBV4.obj
 0001:0007e430       ?remapTopology@SourceMesh@Gu@physx@@QEAAXPEBI@Z 000000018007f430 f   GuBV4.obj
 0001:0007e730       ?isValid@SourceMesh@Gu@physx@@QEBA_NXZ 000000018007f730 f   GuBV4.obj
 0001:0007e760       ??0BV4Tree@Gu@physx@@QEAA@W4PxEMPTY@2@@Z 000000018007f760 f   GuBV4.obj
 0001:0007e780       ?exportExtraData@BV4Tree@Gu@physx@@QEAAXAEAVPxSerializationContext@3@@Z 000000018007f780 f   GuBV4.obj
 0001:0007e7d0       ?importExtraData@BV4Tree@Gu@physx@@QEAAXAEAVPxDeserializationContext@3@@Z 000000018007f7d0 f   GuBV4.obj
 0001:0007e800       ??0BV4Tree@Gu@physx@@QEAA@XZ 000000018007f800 f   GuBV4.obj
 0001:0007e830       ??0BV4Tree@Gu@physx@@QEAA@PEAVSourceMesh@12@AEBVPxBounds3@2@@Z 000000018007f830 f   GuBV4.obj
 0001:0007e900       ??1BV4Tree@Gu@physx@@QEAA@XZ 000000018007f900 f   GuBV4.obj
 0001:0007e960       ?load@BV4Tree@Gu@physx@@QEAA_NAEAVPxInputStream@3@I@Z 000000018007f960 f   GuBV4.obj
 0001:0007eba0       ?reset@BV4Tree@Gu@physx@@QEAAXXZ 000000018007fba0 f   GuBV4.obj
 0001:0007ebd0       ??4BV4Tree@Gu@physx@@QEAAXAEAV012@@Z 000000018007fbd0 f   GuBV4.obj
 0001:0007ec60       ?init@BV4Tree@Gu@physx@@QEAA_NPEAVSourceMesh@23@AEBVPxBounds3@3@@Z 000000018007fc60 f   GuBV4.obj
 0001:0007ed10       ?release@BV4Tree@Gu@physx@@QEAAXXZ 000000018007fd10 f   GuBV4.obj
 0001:0007eff0       ??0IndTri16@Gu@physx@@QEAA@XZ 000000018007fff0 f i GuBV4.obj
 0001:0007f000       ??0IndTri32@Gu@physx@@QEAA@XZ 0000000180080000 f i GuBV4.obj
 0001:0007f010       ??1IndTri16@Gu@physx@@QEAA@XZ 0000000180080010 f i GuBV4.obj
 0001:0007f020       ??1IndTri32@Gu@physx@@QEAA@XZ 0000000180080020 f i GuBV4.obj
 0001:0007f030       ??_EIndTri16@Gu@physx@@QEAAPEAXI@Z 0000000180080030 f i GuBV4.obj
 0001:0007f0d0       ??_EIndTri32@Gu@physx@@QEAAPEAXI@Z 00000001800800d0 f i GuBV4.obj
 0001:0007f170       ??0AABBTree@Gu@physx@@QEAA@XZ 0000000180080170 f   GuBV4Build.obj
 0001:0007f190       ??1AABBTree@Gu@physx@@QEAA@XZ 0000000180080190 f   GuBV4Build.obj
 0001:0007f1a0       ?buildFromMesh@AABBTree@Gu@physx@@QEAA_NAEAVSourceMesh@23@I@Z 00000001800801a0 f   GuBV4Build.obj
 0001:0007f5a0       ?release@AABBTree@Gu@physx@@QEAAXXZ 00000001800805a0 f   GuBV4Build.obj
 0001:0007f650       ?walk@AABBTree@Gu@physx@@QEBAIP6A_NPEBVAABBTreeNode@23@IPEAX@Z1@Z 0000000180080650 f   GuBV4Build.obj
 0001:0007f720       ?BuildBV4Ex@Gu@physx@@YA_NAEAVBV4Tree@12@AEAVSourceMesh@12@MI@Z 0000000180080720 f   GuBV4Build.obj
 0001:0007f9d0       ??0BVData@@QEAA@XZ         00000001800809d0 f   GuBV4Build.obj
 0001:0007fa10       ??1BV4BuildParams@@QEAA@XZ 0000000180080a10 f   GuBV4Build.obj
 0001:0007fa20       ?allocateNode@BV4BuildParams@@QEAAPEAUBV4Node@@XZ 0000000180080a20 f   GuBV4Build.obj
 0001:0007fb00       ?releaseNodes@BV4BuildParams@@QEAAXXZ 0000000180080b00 f   GuBV4Build.obj
 0001:0007feb0       ??0AABBTreeNode@Gu@physx@@QEAA@XZ 0000000180080eb0 f i GuBV4Build.obj
 0001:0007fed0       ??0BV4Node@@QEAA@XZ        0000000180080ed0 f i GuBV4Build.obj
 0001:0007ff30       ??0Slab@BV4BuildParams@@QEAA@XZ 0000000180080f30 f i GuBV4Build.obj
 0001:0007ffa0       ??1AABBTreeNode@Gu@physx@@QEAA@XZ 0000000180080fa0 f i GuBV4Build.obj
 0001:0007ffc0       ??1BV4Node@@QEAA@XZ        0000000180080fc0 f i GuBV4Build.obj
 0001:0007ffd0       ??1BVData@@QEAA@XZ         0000000180080fd0 f i GuBV4Build.obj
 0001:0007ffe0       ??_EAABBTreeNode@Gu@physx@@QEAAPEAXI@Z 0000000180080fe0 f i GuBV4Build.obj
 0001:00082440       ?Sweep_AABB_BV4@@YAHAEBVBox@Gu@physx@@AEBVPxVec3@3@MAEBVBV4Tree@23@PEIAVSweepHit@23@I@Z 0000000180083440 f   GuBV4_AABBSweep.obj
 0001:00082970       ?Sweep_AABB_BV4_CB@@YAXAEBVBox@Gu@physx@@AEBVPxVec3@3@MAEBVBV4Tree@23@PEIBVPxMat44@3@P6A_NPEAXAEBVSweepHit@23@@Z4I_N@Z 0000000180083970 f   GuBV4_AABBSweep.obj
 0001:00082b20       ?GenericSweep_AABB_CB@@YAXAEBVBox@Gu@physx@@AEBVPxVec3@3@MAEBVBV4Tree@23@P6A_NPEAX111IAEAM@Z3I@Z 0000000180083b20 f   GuBV4_AABBSweep.obj
[...]
 0003:00001c70       ??_R0?AVRTreeTriangleData@Gu@physx@@@8 0000000180255c70     GuMeshFactory.obj
 0003:00001cb0       ??_R0E@8                   0000000180255cb0     GuMeshFactory.obj
 0003:00001cc8       ??_R0I@8                   0000000180255cc8     GuMeshFactory.obj
 0003:00001ce0       ??_R0G@8                   0000000180255ce0     GuMeshFactory.obj
 0003:00001cf8       ??_R0?AVtype_info@@@8      0000000180255cf8     LIBCMT:std_type_info_static.obj
 0003:00001d20       ??_R0?AVDNameNode@@@8      0000000180255d20     libvcruntime:undname.obj
 0003:00001d48       ??_R0?AVcharNode@@@8       0000000180255d48     libvcruntime:undname.obj
 0003:00001d70       ??_R0?AVpcharNode@@@8      0000000180255d70     libvcruntime:undname.obj
 0003:00001d98       ??_R0?AVpDNameNode@@@8     0000000180255d98     libvcruntime:undname.obj
 0003:00001dc0       ??_R0?AVDNameStatusNode@@@8 0000000180255dc0     libvcruntime:undname.obj
 0003:00001df0       ??_R0?AVpairNode@@@8       0000000180255df0     libvcruntime:undname.obj
 0003:00002a20       ?boxVertexTable@physx@@3QBT__m128@@B 0000000180256a20     GuConvexSupportTable.obj
 0003:000055b8       __hmod__PxFoundationCHECKED_x64_dll 00000001802595b8     PxFoundationCHECKED_x64:PxFoundationCHECKED_x64.dll
 0003:000055c0       ?DloadKernel32@@3PEAUHINSTANCE__@@EA 00000001802595c0     delayimp:delayhlp.obj
 0003:000055c8       ?DloadAcquireSRWLockExclusive@@3P6AXPEA_K@ZEA 00000001802595c8     delayimp:delayhlp.obj
 0003:000055d0       ?DloadReleaseSRWLockExclusive@@3P6AXPEA_K@ZEA 00000001802595d0     delayimp:delayhlp.obj
 0003:000055d8       ?DloadSrwLock@@3_KA        00000001802595d8     delayimp:delayhlp.obj
 0003:000055e0       ?DloadSectionLockCount@@3KA 00000001802595e0     delayimp:delayhlp.obj
 0003:000055e4       ?DloadSectionOldProtection@@3KA 00000001802595e4     delayimp:delayhlp.obj
 0003:000055e8       ?DloadSectionCommitPermanent@@3KA 00000001802595e8     delayimp:delayhlp.obj
 0003:00005600       ?__type_info_root_node@@3U__type_info_node@@A 0000000180259600     LIBCMT:tncleanup.obj
 0003:00005618       __scrt_current_native_startup_state 0000000180259618     LIBCMT:utility.obj
 0003:00005620       __scrt_native_startup_lock 0000000180259620     LIBCMT:utility.obj
 0003:00005668       ?_OptionsStorage@?1??__local_stdio_printf_options@@9@4_KA 0000000180259668     LIBCMT:default_local_stdio_options.obj
 0003:00005678       ?_OptionsStorage@?1??__local_stdio_scanf_options@@9@4_KA 0000000180259678     LIBCMT:default_local_stdio_options.obj
 0003:00005684       __scrt_debugger_hook_flag  0000000180259684     LIBCMT:utility_desktop.obj
 0003:00005688       __favor                    0000000180259688     LIBCMT:_cpu_disp_.obj
 0003:00005690       __pPurecall                0000000180259690     libvcruntime:purevirt_data.obj
 0003:000056a0       ?pArgList@UnDecorator@@0PEAVReplicator@@EA 00000001802596a0     libvcruntime:undname.obj
 0003:000056a8       ?pZNameList@UnDecorator@@0PEAVReplicator@@EA 00000001802596a8     libvcruntime:undname.obj
 0003:000056b0       ?pTemplateArgList@UnDecorator@@0PEAVReplicator@@EA 00000001802596b0     libvcruntime:undname.obj
 0003:000056b8       ?gName@UnDecorator@@0PEBDEB 00000001802596b8     libvcruntime:undname.obj
 0003:000056c0       ?name@UnDecorator@@0PEBDEB 00000001802596c0     libvcruntime:undname.obj
 0003:000056c8       ?outputString@UnDecorator@@0PEADEA 00000001802596c8     libvcruntime:undname.obj
 0003:000056d0       ?maxStringLength@UnDecorator@@0HA 00000001802596d0     libvcruntime:undname.obj
 0003:000056d4       ?disableFlags@UnDecorator@@0KA 00000001802596d4     libvcruntime:undname.obj
 0003:000056d8       ?fExplicitTemplateParams@UnDecorator@@0_NA 00000001802596d8     libvcruntime:undname.obj
 0003:000056d9       ?fGetTemplateArgumentList@UnDecorator@@0_NA 00000001802596d9     libvcruntime:undname.obj
 0003:000056e0       ?m_pGetParameter@UnDecorator@@0P6APEADJ@ZEA 00000001802596e0     libvcruntime:undname.obj
 0003:00005730       ?nodes@?1??make@DNameStatusNode@@SAPEAV2@W4DNameStatus@@@Z@4PAV2@A 0000000180259730     libvcruntime:undname.obj
 0003:0000577c       ??_B?1??make@DNameStatusNode@@SAPEAV1@W4DNameStatus@@@Z@51 000000018025977c     libvcruntime:undname.obj
 0003:00005c98       _environ_table             0000000180259c98     libucrt:environment_initialization.obj
 0003:00005ca0       _wenviron_table            0000000180259ca0     libucrt:environment_initialization.obj
 0003:00005cb0       __dcrt_initial_wide_environment 0000000180259cb0     libucrt:environment_initialization.obj
 0003:00005cc0       __dcrt_initial_narrow_environment 0000000180259cc0     libucrt:environment_initialization.obj
 0003:00005cd0       __acrt_atexit_table        0000000180259cd0     libucrt:onexit.obj
 0003:00005cf0       __acrt_at_quick_exit_table 0000000180259cf0     libucrt:onexit.obj
 0003:00005d0c       __fma3_is_available        0000000180259d0c     libucrt:fma3_available.obj
 0003:00005d10       __use_fma3_lib             0000000180259d10     libucrt:fma3_available.obj
 0003:000061b4       __mbcodepage               000000018025a1b4     libucrt:mbctype.obj
 0003:000061b8       __ismbcodepage             000000018025a1b8     libucrt:mbctype.obj
 0003:000061c0       __mbulinfo                 000000018025a1c0     libucrt:mbctype.obj
 0003:000061d8       __mblocalename             000000018025a1d8     libucrt:mbctype.obj
 0003:000061e4       __argc                     000000018025a1e4     libucrt:argv_data.obj
 0003:000061e8       __argv                     000000018025a1e8     libucrt:argv_data.obj
 0003:000061f8       __wargv                    000000018025a1f8     libucrt:argv_data.obj
 0003:00006208       _acmdln                    000000018025a208     libucrt:argv_data.obj
 0003:00006218       _wcmdln                    000000018025a218     libucrt:argv_data.obj
 0003:00006228       _pgmptr                    000000018025a228     libucrt:argv_data.obj
 0003:00006238       _wpgmptr                   000000018025a238     libucrt:argv_data.obj
 0003:00006248       __acrt_heap                000000018025a248     libucrt:heap_handle.obj
 0003:00006260       __pioinfo                  000000018025a260     libucrt:ioinit.obj
 0003:0000672c       _nhandle                   000000018025a72c     libucrt:ioinit.obj
 0003:00006778       __acrt_current_locale_data 000000018025a778     libucrt:nlsdata.obj
 0003:00006788       __acrt_stdout_buffer       000000018025a788     libucrt:_sftbuf.obj
 0003:00006798       __acrt_stderr_buffer       000000018025a798     libucrt:_sftbuf.obj
 0003:000067a8       _nstream                   000000018025a7a8     libucrt:_file.obj
 0003:000067b0       __piob                     000000018025a7b0     libucrt:_file.obj
 0003:000067bc       _cflush                    000000018025a7bc     libucrt:_file.obj
 0003:000067cc       __acrt_locale_changed_data 000000018025a7cc     libucrt:wsetlocale.obj
 0003:000067d0       __acrt_lconv_static_null   000000018025a7d0     libucrt:localeconv.obj
 0003:000067d4       __acrt_lconv_static_W_null 000000018025a7d4     libucrt:localeconv.obj
 0003:000075d8       __scrt_ucrt_dll_is_in_use  000000018025b5d8     <common>
 0003:000075e8       __dyn_tls_init_callback    000000018025b5e8     <common>
 0003:00007600       _pDestructExceptionObject  000000018025b600     <common>
 0005:00000000       __imp_LoadLibraryA         0000000180268000     kernel32:KERNEL32.dll
 0005:00000008       __imp_FreeLibrary          0000000180268008     kernel32:KERNEL32.dll
 0005:00000010       __imp_GetProcAddress       0000000180268010     kernel32:KERNEL32.dll
 0005:00000018       __imp_RaiseException       0000000180268018     kernel32:KERNEL32.dll
 0005:00000020       __imp_GetLastError         0000000180268020     kernel32:KERNEL32.dll
 0005:00000028       __imp_GetSystemInfo        0000000180268028     kernel32:KERNEL32.dll
 0005:00000030       __imp_VirtualProtect       0000000180268030     kernel32:KERNEL32.dll
 0005:00000038       __imp_VirtualQuery         0000000180268038     kernel32:KERNEL32.dll
 0005:00000040       __imp_GetModuleHandleW     0000000180268040     kernel32:KERNEL32.dll
 0005:00000048       __imp_LoadLibraryExA       0000000180268048     kernel32:KERNEL32.dll
 0005:00000050       __imp_InitializeSListHead  0000000180268050     kernel32:KERNEL32.dll
 0005:00000058       __imp_QueryPerformanceCounter 0000000180268058     kernel32:KERNEL32.dll
 0005:00000060       __imp_GetCurrentProcessId  0000000180268060     kernel32:KERNEL32.dll
 0005:00000068       __imp_GetCurrentThreadId   0000000180268068     kernel32:KERNEL32.dll
 0005:00000070       __imp_GetSystemTimeAsFileTime 0000000180268070     kernel32:KERNEL32.dll
 0005:00000078       __imp_RtlCaptureContext    0000000180268078     kernel32:KERNEL32.dll
 0005:00000080       __imp_RtlLookupFunctionEntry 0000000180268080     kernel32:KERNEL32.dll
 0005:00000088       __imp_RtlVirtualUnwind     0000000180268088     kernel32:KERNEL32.dll
 0005:00000090       __imp_IsDebuggerPresent    0000000180268090     kernel32:KERNEL32.dll
 0005:00000098       __imp_UnhandledExceptionFilter 0000000180268098     kernel32:KERNEL32.dll
 0005:000000a0       __imp_SetUnhandledExceptionFilter 00000001802680a0     kernel32:KERNEL32.dll
 0005:000000a8       __imp_GetStartupInfoW      00000001802680a8     kernel32:KERNEL32.dll
 0005:000000b0       __imp_IsProcessorFeaturePresent 00000001802680b0     kernel32:KERNEL32.dll
 0005:000000b8       __imp_InterlockedPushEntrySList 00000001802680b8     kernel32:KERNEL32.dll
 0005:000000c0       __imp_InterlockedFlushSList 00000001802680c0     kernel32:KERNEL32.dll
 0005:000000c8       __imp_RtlUnwindEx          00000001802680c8     kernel32:KERNEL32.dll
 0005:000000d0       __imp_SetLastError         00000001802680d0     kernel32:KERNEL32.dll
 0005:000000d8       __imp_EnterCriticalSection 00000001802680d8     kernel32:KERNEL32.dll
 0005:000000e0       __imp_LeaveCriticalSection 00000001802680e0     kernel32:KERNEL32.dll
 0005:000000e8       __imp_DeleteCriticalSection 00000001802680e8     kernel32:KERNEL32.dll
 0005:000000f0       __imp_InitializeCriticalSectionAndSpinCount 00000001802680f0     kernel32:KERNEL32.dll
 0005:000000f8       __imp_TlsAlloc             00000001802680f8     kernel32:KERNEL32.dll
 0005:00000100       __imp_TlsGetValue          0000000180268100     kernel32:KERNEL32.dll
 0005:00000108       __imp_TlsSetValue          0000000180268108     kernel32:KERNEL32.dll
 0005:00000110       __imp_TlsFree              0000000180268110     kernel32:KERNEL32.dll
 0005:00000118       __imp_LoadLibraryExW       0000000180268118     kernel32:KERNEL32.dll
 0005:00000120       __imp_GetCurrentProcess    0000000180268120     kernel32:KERNEL32.dll
 0005:00000128       __imp_ExitProcess          0000000180268128     kernel32:KERNEL32.dll
 0005:00000130       __imp_TerminateProcess     0000000180268130     kernel32:KERNEL32.dll
 0005:00000138       __imp_GetModuleHandleExW   0000000180268138     kernel32:KERNEL32.dll
 0005:00000140       __imp_GetModuleFileNameA   0000000180268140     kernel32:KERNEL32.dll
 0005:00000148       __imp_GetModuleFileNameW   0000000180268148     kernel32:KERNEL32.dll
 0005:00000150       __imp_MultiByteToWideChar  0000000180268150     kernel32:KERNEL32.dll
 0005:00000158       __imp_WideCharToMultiByte  0000000180268158     kernel32:KERNEL32.dll
 0005:00000160       __imp_HeapFree             0000000180268160     kernel32:KERNEL32.dll
 0005:00000168       __imp_HeapAlloc            0000000180268168     kernel32:KERNEL32.dll
 0005:00000170       __imp_GetCurrentThread     0000000180268170     kernel32:KERNEL32.dll
 0005:00000178       __imp_GetDateFormatW       0000000180268178     kernel32:KERNEL32.dll
 0005:00000180       __imp_GetTimeFormatW       0000000180268180     kernel32:KERNEL32.dll
 0005:00000188       __imp_CompareStringW       0000000180268188     kernel32:KERNEL32.dll
 0005:00000190       __imp_LCMapStringW         0000000180268190     kernel32:KERNEL32.dll
 0005:00000198       __imp_GetLocaleInfoW       0000000180268198     kernel32:KERNEL32.dll
 0005:000001a0       __imp_IsValidLocale        00000001802681a0     kernel32:KERNEL32.dll
 0005:000001a8       __imp_GetUserDefaultLCID   00000001802681a8     kernel32:KERNEL32.dll
 0005:000001b0       __imp_EnumSystemLocalesW   00000001802681b0     kernel32:KERNEL32.dll
 0005:000001b8       __imp_FindClose            00000001802681b8     kernel32:KERNEL32.dll
 0005:000001c0       __imp_FindFirstFileExA     00000001802681c0     kernel32:KERNEL32.dll
 0005:000001c8       __imp_FindFirstFileExW     00000001802681c8     kernel32:KERNEL32.dll
 0005:000001d0       __imp_FindNextFileA        00000001802681d0     kernel32:KERNEL32.dll
 0005:000001d8       __imp_FindNextFileW        00000001802681d8     kernel32:KERNEL32.dll
 0005:000001e0       __imp_IsValidCodePage      00000001802681e0     kernel32:KERNEL32.dll
 0005:000001e8       __imp_GetACP               00000001802681e8     kernel32:KERNEL32.dll
 0005:000001f0       __imp_GetOEMCP             00000001802681f0     kernel32:KERNEL32.dll
 0005:000001f8       __imp_GetCPInfo            00000001802681f8     kernel32:KERNEL32.dll
 0005:00000200       __imp_GetCommandLineA      0000000180268200     kernel32:KERNEL32.dll
 0005:00000208       __imp_GetCommandLineW      0000000180268208     kernel32:KERNEL32.dll
 0005:00000210       __imp_GetEnvironmentStringsW 0000000180268210     kernel32:KERNEL32.dll
 0005:00000218       __imp_FreeEnvironmentStringsW 0000000180268218     kernel32:KERNEL32.dll
 0005:00000220       __imp_SetEnvironmentVariableA 0000000180268220     kernel32:KERNEL32.dll
 0005:00000228       __imp_SetEnvironmentVariableW 0000000180268228     kernel32:KERNEL32.dll
 0005:00000230       __imp_GetProcessHeap       0000000180268230     kernel32:KERNEL32.dll
 0005:00000238       __imp_GetStdHandle         0000000180268238     kernel32:KERNEL32.dll
 0005:00000240       __imp_GetFileType          0000000180268240     kernel32:KERNEL32.dll
 0005:00000248       __imp_SetConsoleCtrlHandler 0000000180268248     kernel32:KERNEL32.dll
 0005:00000250       __imp_GetStringTypeW       0000000180268250     kernel32:KERNEL32.dll
 0005:00000258       __imp_HeapSize             0000000180268258     kernel32:KERNEL32.dll
 0005:00000260       __imp_HeapReAlloc          0000000180268260     kernel32:KERNEL32.dll
 0005:00000268       __imp_SetStdHandle         0000000180268268     kernel32:KERNEL32.dll
 0005:00000270       __imp_WriteFile            0000000180268270     kernel32:KERNEL32.dll
 0005:00000278       __imp_FlushFileBuffers     0000000180268278     kernel32:KERNEL32.dll
 0005:00000280       __imp_GetConsoleCP         0000000180268280     kernel32:KERNEL32.dll
 0005:00000288       __imp_GetConsoleMode       0000000180268288     kernel32:KERNEL32.dll
 0005:00000290       __imp_SetFilePointerEx     0000000180268290     kernel32:KERNEL32.dll
 0005:00000298       __imp_OutputDebugStringA   0000000180268298     kernel32:KERNEL32.dll
 0005:000002a0       __imp_OutputDebugStringW   00000001802682a0     kernel32:KERNEL32.dll
 0005:000002a8       __imp_CloseHandle          00000001802682a8     kernel32:KERNEL32.dll
 0005:000002b0       __imp_WaitForSingleObjectEx 00000001802682b0     kernel32:KERNEL32.dll
 0005:000002b8       __imp_CreateThread         00000001802682b8     kernel32:KERNEL32.dll
 0005:000002c0       __imp_WriteConsoleW        00000001802682c0     kernel32:KERNEL32.dll
 0005:000002c8       __imp_CreateFileW          00000001802682c8     kernel32:KERNEL32.dll
 0005:000002d0       \177KERNEL32_NULL_THUNK_DATA 00000001802682d0     kernel32:KERNEL32.dll
 0005:000003b8       __IMPORT_DESCRIPTOR_KERNEL32 00000001802683b8     kernel32:KERNEL32.dll
 0005:000003cc       __NULL_IMPORT_DESCRIPTOR   00000001802683cc     kernel32:KERNEL32.dll
 0006:00000000       __DELAY_IMPORT_DESCRIPTOR_PxFoundationCHECKED_x64_dll 000000018026a000     PxFoundationCHECKED_x64:PxFoundationCHECKED_x64.dll
 0006:00000020       __NULL_DELAY_IMPORT_DESCRIPTOR 000000018026a020     PxFoundationCHECKED_x64:PxFoundationCHECKED_x64.dll
 0006:000000f0       \177PxFoundationCHECKED_x64_NULL_THUNK_DATA_DLN 000000018026a0f0     PxFoundationCHECKED_x64:PxFoundationCHECKED_x64.dll
 0006:00000168       __imp_??0NamedAllocator@shdfnd@physx@@QEAA@PEBD@Z 000000018026a168     PxFoundationCHECKED_x64:PxFoundationCHECKED_x64.dll
 0006:00000170       __imp_?getAllocator@shdfnd@physx@@YAAEAVPxAllocatorCallback@2@XZ 000000018026a170     PxFoundationCHECKED_x64:PxFoundationCHECKED_x64.dll
 0006:00000178       __imp_??1NamedAllocator@shdfnd@physx@@QEAA@XZ 000000018026a178     PxFoundationCHECKED_x64:PxFoundationCHECKED_x64.dll
 0006:00000180       __imp_?allocate@NamedAllocator@shdfnd@physx@@QEAAPEAX_KPEBDH@Z 000000018026a180     PxFoundationCHECKED_x64:PxFoundationCHECKED_x64.dll
 0006:00000188       __imp_?deallocate@NamedAllocator@shdfnd@physx@@QEAAXPEAX@Z 000000018026a188     PxFoundationCHECKED_x64:PxFoundationCHECKED_x64.dll
 0006:00000190       __imp_PxGetFoundation      000000018026a190     PxFoundationCHECKED_x64:PxFoundationCHECKED_x64.dll
 0006:00000198       __imp_?getInstance@Foundation@shdfnd@physx@@SAAEAV123@XZ 000000018026a198     PxFoundationCHECKED_x64:PxFoundationCHECKED_x64.dll
 0006:000001a0       __imp_?error@Foundation@shdfnd@physx@@QEAAXW4Enum@PxErrorCode@3@PEBDH1ZZ 000000018026a1a0     PxFoundationCHECKED_x64:PxFoundationCHECKED_x64.dll
 0006:000001a8       __imp_?PxShortestRotation@physx@@YA?AVPxQuat@1@AEBVPxVec3@1@0@Z 000000018026a1a8     PxFoundationCHECKED_x64:PxFoundationCHECKED_x64.dll
 0006:000001b0       __imp_?vsnprintf@shdfnd@physx@@YAHPEAD_KPEBD0@Z 000000018026a1b0     PxFoundationCHECKED_x64:PxFoundationCHECKED_x64.dll
 0006:000001b8       __imp_?optimizeBoundingBox@shdfnd@physx@@YA?AVPxVec3@2@AEAVPxMat33@2@@Z 000000018026a1b8     PxFoundationCHECKED_x64:PxFoundationCHECKED_x64.dll
 0006:000001c0       __imp_??0NamedAllocator@shdfnd@physx@@QEAA@AEBV012@@Z 000000018026a1c0     PxFoundationCHECKED_x64:PxFoundationCHECKED_x64.dll
 0006:000001c8       __imp_?allocate@TempAllocator@shdfnd@physx@@QEAAPEAX_KPEBDH@Z 000000018026a1c8     PxFoundationCHECKED_x64:PxFoundationCHECKED_x64.dll
 0006:000001d0       __imp_?deallocate@TempAllocator@shdfnd@physx@@QEAAXPEAX@Z 000000018026a1d0     PxFoundationCHECKED_x64:PxFoundationCHECKED_x64.dll
 0006:000001d8       __imp_?atomicIncrement@shdfnd@physx@@YAHPECH@Z 000000018026a1d8     PxFoundationCHECKED_x64:PxFoundationCHECKED_x64.dll
 0006:000001e0       __imp_?atomicDecrement@shdfnd@physx@@YAHPECH@Z 000000018026a1e0     PxFoundationCHECKED_x64:PxFoundationCHECKED_x64.dll
 0006:000001e8       __imp_PxGetProfilerCallback 000000018026a1e8     PxFoundationCHECKED_x64:PxFoundationCHECKED_x64.dll
 0006:000001f0       __imp_??0MutexImpl@shdfnd@physx@@QEAA@XZ 000000018026a1f0     PxFoundationCHECKED_x64:PxFoundationCHECKED_x64.dll
 0006:000001f8       __imp_??1MutexImpl@shdfnd@physx@@QEAA@XZ 000000018026a1f8     PxFoundationCHECKED_x64:PxFoundationCHECKED_x64.dll
 0006:00000200       __imp_?lock@MutexImpl@shdfnd@physx@@QEAAXXZ 000000018026a200     PxFoundationCHECKED_x64:PxFoundationCHECKED_x64.dll
 0006:00000208       __imp_?unlock@MutexImpl@shdfnd@physx@@QEAAXXZ 000000018026a208     PxFoundationCHECKED_x64:PxFoundationCHECKED_x64.dll
 0006:00000210       __imp_?getSize@MutexImpl@shdfnd@physx@@SAIXZ 000000018026a210     PxFoundationCHECKED_x64:PxFoundationCHECKED_x64.dll
 0006:00000218       \177PxFoundationCHECKED_x64_NULL_THUNK_DATA_DLA 000000018026a218     PxFoundationCHECKED_x64:PxFoundationCHECKED_x64.dll
 0006:00000820       \177PxFoundationCHECKED_x64_NULL_THUNK_DATA_DLB 000000018026a820     PxFoundationCHECKED_x64:PxFoundationCHECKED_x64.dll
 0008:00000000       __guard_check_icall_fptr   000000018026c000     LIBCMT:guard_support.obj
 0008:00000010       __guard_dispatch_icall_fptr 000000018026c010     LIBCMT:guard_support.obj
